Archive member included to satisfy reference by file (symbol)

/home/victor/Documents/gcc-arm-none-eabi-10-2020-q4-major/bin/../lib/gcc/arm-none-eabi/10.2.1/../../../../arm-none-eabi/lib/thumb/v7e-m+fp/hard/libc_nano.a(lib_a-errno.o)
                              CMakeFiles/rpmsg_lite_pingpong_rtos_linux_remote.elf.dir/home/victor/Documents/SDK_IMX8MINI/devices/MIMX8MM6/utilities/str/fsl_str.c.obj (__errno)
/home/victor/Documents/gcc-arm-none-eabi-10-2020-q4-major/bin/../lib/gcc/arm-none-eabi/10.2.1/../../../../arm-none-eabi/lib/thumb/v7e-m+fp/hard/libc_nano.a(lib_a-exit.o)
                              /home/victor/Documents/gcc-arm-none-eabi-10-2020-q4-major/bin/../lib/gcc/arm-none-eabi/10.2.1/../../../../arm-none-eabi/lib/thumb/v7e-m+fp/hard/crt0.o (exit)
/home/victor/Documents/gcc-arm-none-eabi-10-2020-q4-major/bin/../lib/gcc/arm-none-eabi/10.2.1/../../../../arm-none-eabi/lib/thumb/v7e-m+fp/hard/libc_nano.a(lib_a-impure.o)
                              /home/victor/Documents/gcc-arm-none-eabi-10-2020-q4-major/bin/../lib/gcc/arm-none-eabi/10.2.1/../../../../arm-none-eabi/lib/thumb/v7e-m+fp/hard/libc_nano.a(lib_a-exit.o) (_global_impure_ptr)
/home/victor/Documents/gcc-arm-none-eabi-10-2020-q4-major/bin/../lib/gcc/arm-none-eabi/10.2.1/../../../../arm-none-eabi/lib/thumb/v7e-m+fp/hard/libc_nano.a(lib_a-init.o)
                              /home/victor/Documents/gcc-arm-none-eabi-10-2020-q4-major/bin/../lib/gcc/arm-none-eabi/10.2.1/../../../../arm-none-eabi/lib/thumb/v7e-m+fp/hard/crt0.o (__libc_init_array)
/home/victor/Documents/gcc-arm-none-eabi-10-2020-q4-major/bin/../lib/gcc/arm-none-eabi/10.2.1/../../../../arm-none-eabi/lib/thumb/v7e-m+fp/hard/libc_nano.a(lib_a-malloc.o)
                              CMakeFiles/rpmsg_lite_pingpong_rtos_linux_remote.elf.dir/home/victor/Documents/SDK_IMX8MINI/devices/MIMX8MM6/drivers/fsl_common.c.obj (malloc)
/home/victor/Documents/gcc-arm-none-eabi-10-2020-q4-major/bin/../lib/gcc/arm-none-eabi/10.2.1/../../../../arm-none-eabi/lib/thumb/v7e-m+fp/hard/libc_nano.a(lib_a-memcpy-stub.o)
                              CMakeFiles/rpmsg_lite_pingpong_rtos_linux_remote.elf.dir/home/victor/Documents/SDK_IMX8MINI/boards/evkmimx8mm/multicore_examples/rpmsg_lite_pingpong_rtos/linux_remote/rsc_table.c.obj (memcpy)
/home/victor/Documents/gcc-arm-none-eabi-10-2020-q4-major/bin/../lib/gcc/arm-none-eabi/10.2.1/../../../../arm-none-eabi/lib/thumb/v7e-m+fp/hard/libc_nano.a(lib_a-memset.o)
                              /home/victor/Documents/gcc-arm-none-eabi-10-2020-q4-major/bin/../lib/gcc/arm-none-eabi/10.2.1/../../../../arm-none-eabi/lib/thumb/v7e-m+fp/hard/crt0.o (memset)
/home/victor/Documents/gcc-arm-none-eabi-10-2020-q4-major/bin/../lib/gcc/arm-none-eabi/10.2.1/../../../../arm-none-eabi/lib/thumb/v7e-m+fp/hard/libc_nano.a(lib_a-nano-freer.o)
                              /home/victor/Documents/gcc-arm-none-eabi-10-2020-q4-major/bin/../lib/gcc/arm-none-eabi/10.2.1/../../../../arm-none-eabi/lib/thumb/v7e-m+fp/hard/libc_nano.a(lib_a-malloc.o) (_free_r)
/home/victor/Documents/gcc-arm-none-eabi-10-2020-q4-major/bin/../lib/gcc/arm-none-eabi/10.2.1/../../../../arm-none-eabi/lib/thumb/v7e-m+fp/hard/libc_nano.a(lib_a-nano-mallocr.o)
                              /home/victor/Documents/gcc-arm-none-eabi-10-2020-q4-major/bin/../lib/gcc/arm-none-eabi/10.2.1/../../../../arm-none-eabi/lib/thumb/v7e-m+fp/hard/libc_nano.a(lib_a-malloc.o) (_malloc_r)
/home/victor/Documents/gcc-arm-none-eabi-10-2020-q4-major/bin/../lib/gcc/arm-none-eabi/10.2.1/../../../../arm-none-eabi/lib/thumb/v7e-m+fp/hard/libc_nano.a(lib_a-printf.o)
                              CMakeFiles/rpmsg_lite_pingpong_rtos_linux_remote.elf.dir/home/victor/Documents/SDK_IMX8MINI/middleware/multicore/rpmsg_lite/lib/virtio/virtqueue.c.obj (printf)
/home/victor/Documents/gcc-arm-none-eabi-10-2020-q4-major/bin/../lib/gcc/arm-none-eabi/10.2.1/../../../../arm-none-eabi/lib/thumb/v7e-m+fp/hard/libc_nano.a(lib_a-sbrkr.o)
                              /home/victor/Documents/gcc-arm-none-eabi-10-2020-q4-major/bin/../lib/gcc/arm-none-eabi/10.2.1/../../../../arm-none-eabi/lib/thumb/v7e-m+fp/hard/libc_nano.a(lib_a-nano-mallocr.o) (_sbrk_r)
/home/victor/Documents/gcc-arm-none-eabi-10-2020-q4-major/bin/../lib/gcc/arm-none-eabi/10.2.1/../../../../arm-none-eabi/lib/thumb/v7e-m+fp/hard/libc_nano.a(lib_a-strcmp.o)
                              CMakeFiles/rpmsg_lite_pingpong_rtos_linux_remote.elf.dir/home/victor/Documents/SDK_IMX8MINI/middleware/multicore/rpmsg_lite/lib/rpmsg_lite/porting/environment/rpmsg_env_freertos.c.obj (strcmp)
/home/victor/Documents/gcc-arm-none-eabi-10-2020-q4-major/bin/../lib/gcc/arm-none-eabi/10.2.1/../../../../arm-none-eabi/lib/thumb/v7e-m+fp/hard/libc_nano.a(lib_a-strlen.o)
                              CMakeFiles/rpmsg_lite_pingpong_rtos_linux_remote.elf.dir/home/victor/Documents/SDK_IMX8MINI/devices/MIMX8MM6/utilities/str/fsl_str.c.obj (strlen)
[...]
Memory Configuration

Name             Origin             Length             Attributes
m_interrupts     0x0000000008000000 0x0000000000000a00 xr
m_text           0x0000000008000a00 0x00000000000ff600 xr
m_data           0x0000000020000000 0x0000000000020000 rw
m_data2          0x0000000080000000 0x0000000001000000 rw
m_tcml           0x000000001ffe0020 0x000000000001ffe0 rw
*default*        0x0000000000000000 0xffffffffffffffff

Linker script and memory map

LOAD /home/victor/Documents/gcc-arm-none-eabi-10-2020-q4-major/bin/../lib/gcc/arm-none-eabi/10.2.1/thumb/v7e-m+fp/hard/crti.o
LOAD /home/victor/Documents/gcc-arm-none-eabi-10-2020-q4-major/bin/../lib/gcc/arm-none-eabi/10.2.1/thumb/v7e-m+fp/hard/crtbegin.o
LOAD /home/victor/Documents/gcc-arm-none-eabi-10-2020-q4-major/bin/../lib/gcc/arm-none-eabi/10.2.1/../../../../arm-none-eabi/lib/thumb/v7e-m+fp/hard/crt0.o
                0x0000000000000400                __stack_size__ = 0x400
                0x0000000000000400                __heap_size__ = 0x400
LOAD CMakeFiles/rpmsg_lite_pingpong_rtos_linux_remote.elf.dir/home/victor/Documents/SDK_IMX8MINI/boards/evkmimx8mm/multicore_examples/rpmsg_lite_pingpong_rtos/linux_remote/main_remote.c.obj
LOAD CMakeFiles/rpmsg_lite_pingpong_rtos_linux_remote.elf.dir/home/victor/Documents/SDK_IMX8MINI/boards/evkmimx8mm/multicore_examples/rpmsg_lite_pingpong_rtos/linux_remote/pin_mux.c.obj
LOAD CMakeFiles/rpmsg_lite_pingpong_rtos_linux_remote.elf.dir/home/victor/Documents/SDK_IMX8MINI/boards/evkmimx8mm/multicore_examples/rpmsg_lite_pingpong_rtos/linux_remote/rsc_table.c.obj
LOAD CMakeFiles/rpmsg_lite_pingpong_rtos_linux_remote.elf.dir/home/victor/Documents/SDK_IMX8MINI/boards/evkmimx8mm/multicore_examples/rpmsg_lite_pingpong_rtos/linux_remote/board.c.obj
LOAD CMakeFiles/rpmsg_lite_pingpong_rtos_linux_remote.elf.dir/home/victor/Documents/SDK_IMX8MINI/boards/evkmimx8mm/multicore_examples/rpmsg_lite_pingpong_rtos/linux_remote/clock_config.c.obj
LOAD CMakeFiles/rpmsg_lite_pingpong_rtos_linux_remote.elf.dir/home/victor/Documents/SDK_IMX8MINI/middleware/multicore/rpmsg_lite/lib/rpmsg_lite/porting/platform/imx8mm_m4/rpmsg_platform.c.obj
LOAD CMakeFiles/rpmsg_lite_pingpong_rtos_linux_remote.elf.dir/home/victor/Documents/SDK_IMX8MINI/middleware/multicore/rpmsg_lite/lib/common/llist.c.obj
LOAD CMakeFiles/rpmsg_lite_pingpong_rtos_linux_remote.elf.dir/home/victor/Documents/SDK_IMX8MINI/middleware/multicore/rpmsg_lite/lib/rpmsg_lite/rpmsg_lite.c.obj
LOAD CMakeFiles/rpmsg_lite_pingpong_rtos_linux_remote.elf.dir/home/victor/Documents/SDK_IMX8MINI/middleware/multicore/rpmsg_lite/lib/rpmsg_lite/rpmsg_ns.c.obj
LOAD CMakeFiles/rpmsg_lite_pingpong_rtos_linux_remote.elf.dir/home/victor/Documents/SDK_IMX8MINI/middleware/multicore/rpmsg_lite/lib/virtio/virtqueue.c.obj
LOAD CMakeFiles/rpmsg_lite_pingpong_rtos_linux_remote.elf.dir/home/victor/Documents/SDK_IMX8MINI/middleware/multicore/rpmsg_lite/lib/rpmsg_lite/porting/environment/rpmsg_env_freertos.c.obj
LOAD CMakeFiles/rpmsg_lite_pingpong_rtos_linux_remote.elf.dir/home/victor/Documents/SDK_IMX8MINI/middleware/multicore/rpmsg_lite/lib/rpmsg_lite/rpmsg_queue.c.obj
LOAD CMakeFiles/rpmsg_lite_pingpong_rtos_linux_remote.elf.dir/home/victor/Documents/SDK_IMX8MINI/rtos/freertos/freertos_kernel/event_groups.c.obj
LOAD CMakeFiles/rpmsg_lite_pingpong_rtos_linux_remote.elf.dir/home/victor/Documents/SDK_IMX8MINI/rtos/freertos/freertos_kernel/croutine.c.obj
LOAD CMakeFiles/rpmsg_lite_pingpong_rtos_linux_remote.elf.dir/home/victor/Documents/SDK_IMX8MINI/rtos/freertos/freertos_kernel/list.c.obj
LOAD CMakeFiles/rpmsg_lite_pingpong_rtos_linux_remote.elf.dir/home/victor/Documents/SDK_IMX8MINI/rtos/freertos/freertos_kernel/portable/GCC/ARM_CM4F/port.c.obj
LOAD CMakeFiles/rpmsg_lite_pingpong_rtos_linux_remote.elf.dir/home/victor/Documents/SDK_IMX8MINI/rtos/freertos/freertos_kernel/queue.c.obj
LOAD CMakeFiles/rpmsg_lite_pingpong_rtos_linux_remote.elf.dir/home/victor/Documents/SDK_IMX8MINI/rtos/freertos/freertos_kernel/stream_buffer.c.obj
LOAD CMakeFiles/rpmsg_lite_pingpong_rtos_linux_remote.elf.dir/home/victor/Documents/SDK_IMX8MINI/rtos/freertos/freertos_kernel/tasks.c.obj
LOAD CMakeFiles/rpmsg_lite_pingpong_rtos_linux_remote.elf.dir/home/victor/Documents/SDK_IMX8MINI/rtos/freertos/freertos_kernel/timers.c.obj
LOAD CMakeFiles/rpmsg_lite_pingpong_rtos_linux_remote.elf.dir/home/victor/Documents/SDK_IMX8MINI/rtos/freertos/freertos_kernel/portable/MemMang/heap_4.c.obj
LOAD CMakeFiles/rpmsg_lite_pingpong_rtos_linux_remote.elf.dir/home/victor/Documents/SDK_IMX8MINI/devices/MIMX8MM6/drivers/fsl_clock.c.obj
LOAD CMakeFiles/rpmsg_lite_pingpong_rtos_linux_remote.elf.dir/home/victor/Documents/SDK_IMX8MINI/devices/MIMX8MM6/drivers/fsl_common.c.obj
LOAD CMakeFiles/rpmsg_lite_pingpong_rtos_linux_remote.elf.dir/home/victor/Documents/SDK_IMX8MINI/devices/MIMX8MM6/drivers/fsl_mu.c.obj
LOAD CMakeFiles/rpmsg_lite_pingpong_rtos_linux_remote.elf.dir/home/victor/Documents/SDK_IMX8MINI/devices/MIMX8MM6/drivers/fsl_rdc.c.obj
LOAD CMakeFiles/rpmsg_lite_pingpong_rtos_linux_remote.elf.dir/home/victor/Documents/SDK_IMX8MINI/devices/MIMX8MM6/utilities/str/fsl_str.c.obj
LOAD CMakeFiles/rpmsg_lite_pingpong_rtos_linux_remote.elf.dir/home/victor/Documents/SDK_IMX8MINI/devices/MIMX8MM6/utilities/debug_console/fsl_debug_console.c.obj
LOAD CMakeFiles/rpmsg_lite_pingpong_rtos_linux_remote.elf.dir/home/victor/Documents/SDK_IMX8MINI/components/serial_manager/fsl_component_serial_manager.c.obj
LOAD CMakeFiles/rpmsg_lite_pingpong_rtos_linux_remote.elf.dir/home/victor/Documents/SDK_IMX8MINI/components/serial_manager/fsl_component_serial_port_uart.c.obj
LOAD CMakeFiles/rpmsg_lite_pingpong_rtos_linux_remote.elf.dir/home/victor/Documents/SDK_IMX8MINI/devices/MIMX8MM6/drivers/fsl_uart.c.obj
LOAD CMakeFiles/rpmsg_lite_pingpong_rtos_linux_remote.elf.dir/home/victor/Documents/SDK_IMX8MINI/components/uart/fsl_adapter_iuart.c.obj
LOAD CMakeFiles/rpmsg_lite_pingpong_rtos_linux_remote.elf.dir/home/victor/Documents/SDK_IMX8MINI/components/lists/fsl_component_generic_list.c.obj
LOAD CMakeFiles/rpmsg_lite_pingpong_rtos_linux_remote.elf.dir/home/victor/Documents/SDK_IMX8MINI/devices/MIMX8MM6/gcc/startup_MIMX8MM6_cm4.S.obj
LOAD CMakeFiles/rpmsg_lite_pingpong_rtos_linux_remote.elf.dir/home/victor/Documents/SDK_IMX8MINI/devices/MIMX8MM6/system_MIMX8MM6_cm4.c.obj
LOAD CMakeFiles/rpmsg_lite_pingpong_rtos_linux_remote.elf.dir/home/victor/Documents/SDK_IMX8MINI/devices/MIMX8MM6/utilities/fsl_assert.c.obj
LOAD CMakeFiles/rpmsg_lite_pingpong_rtos_linux_remote.elf.dir/home/victor/Documents/SDK_IMX8MINI/devices/MIMX8MM6/utilities/fsl_sbrk.c.obj
START GROUP
LOAD /home/victor/Documents/gcc-arm-none-eabi-10-2020-q4-major/bin/../lib/gcc/arm-none-eabi/10.2.1/../../../../arm-none-eabi/lib/thumb/v7e-m+fp/hard/libm.a
LOAD /home/victor/Documents/gcc-arm-none-eabi-10-2020-q4-major/bin/../lib/gcc/arm-none-eabi/10.2.1/../../../../arm-none-eabi/lib/thumb/v7e-m+fp/hard/libc_nano.a
LOAD /home/victor/Documents/gcc-arm-none-eabi-10-2020-q4-major/bin/../lib/gcc/arm-none-eabi/10.2.1/thumb/v7e-m+fp/hard/libgcc.a
LOAD /home/victor/Documents/gcc-arm-none-eabi-10-2020-q4-major/bin/../lib/gcc/arm-none-eabi/10.2.1/../../../../arm-none-eabi/lib/thumb/v7e-m+fp/hard/libnosys.a
END GROUP
START GROUP
LOAD /home/victor/Documents/gcc-arm-none-eabi-10-2020-q4-major/bin/../lib/gcc/arm-none-eabi/10.2.1/thumb/v7e-m+fp/hard/libgcc.a
LOAD /home/victor/Documents/gcc-arm-none-eabi-10-2020-q4-major/bin/../lib/gcc/arm-none-eabi/10.2.1/../../../../arm-none-eabi/lib/thumb/v7e-m+fp/hard/libc_nano.a
END GROUP
START GROUP
LOAD /home/victor/Documents/gcc-arm-none-eabi-10-2020-q4-major/bin/../lib/gcc/arm-none-eabi/10.2.1/thumb/v7e-m+fp/hard/libgcc.a
LOAD /home/victor/Documents/gcc-arm-none-eabi-10-2020-q4-major/bin/../lib/gcc/arm-none-eabi/10.2.1/../../../../arm-none-eabi/lib/thumb/v7e-m+fp/hard/libc_nano.a
LOAD /home/victor/Documents/gcc-arm-none-eabi-10-2020-q4-major/bin/../lib/gcc/arm-none-eabi/10.2.1/../../../../arm-none-eabi/lib/thumb/v7e-m+fp/hard/libnosys.a
END GROUP
START GROUP
LOAD /home/victor/Documents/gcc-arm-none-eabi-10-2020-q4-major/bin/../lib/gcc/arm-none-eabi/10.2.1/thumb/v7e-m+fp/hard/libgcc.a
LOAD /home/victor/Documents/gcc-arm-none-eabi-10-2020-q4-major/bin/../lib/gcc/arm-none-eabi/10.2.1/../../../../arm-none-eabi/lib/thumb/v7e-m+fp/hard/libc_nano.a
LOAD /home/victor/Documents/gcc-arm-none-eabi-10-2020-q4-major/bin/../lib/gcc/arm-none-eabi/10.2.1/../../../../arm-none-eabi/lib/thumb/v7e-m+fp/hard/libnosys.a
END GROUP
LOAD /home/victor/Documents/gcc-arm-none-eabi-10-2020-q4-major/bin/../lib/gcc/arm-none-eabi/10.2.1/thumb/v7e-m+fp/hard/crtend.o
LOAD /home/victor/Documents/gcc-arm-none-eabi-10-2020-q4-major/bin/../lib/gcc/arm-none-eabi/10.2.1/thumb/v7e-m+fp/hard/crtn.o
                0x0000000000000400                HEAP_SIZE = DEFINED (__heap_size__)?__heap_size__:0x400
                0x0000000000000400                STACK_SIZE = DEFINED (__stack_size__)?__stack_size__:0x400

.interrupts     0x0000000008000000      0x240
                0x0000000008000000                __VECTOR_TABLE = .
                0x0000000008000000                __Vectors = .
                0x0000000008000000                . = ALIGN (0x4)
 *(.isr_vector)
 .isr_vector    0x0000000008000000      0x240 CMakeFiles/rpmsg_lite_pingpong_rtos_linux_remote.elf.dir/home/victor/Documents/SDK_IMX8MINI/devices/MIMX8MM6/gcc/startup_MIMX8MM6_cm4.S.obj
                0x0000000008000000                __isr_vector
                0x0000000008000240                . = ALIGN (0x4)

.resource_table
                0x0000000008000a00       0x58
                0x0000000008000a00                . = ALIGN (0x8)
 *(.resource_table)
 .resource_table
                0x0000000008000a00       0x58 CMakeFiles/rpmsg_lite_pingpong_rtos_linux_remote.elf.dir/home/victor/Documents/SDK_IMX8MINI/boards/evkmimx8mm/multicore_examples/rpmsg_lite_pingpong_rtos/linux_remote/rsc_table.c.obj
                0x0000000008000a00                resources
                0x0000000008000a58                . = ALIGN (0x8)

.text           0x0000000008000a60     0x4be8
                0x0000000008000a60                . = ALIGN (0x4)
 *(.text)
 .text          0x0000000008000a60       0x40 /home/victor/Documents/gcc-arm-none-eabi-10-2020-q4-major/bin/../lib/gcc/arm-none-eabi/10.2.1/thumb/v7e-m+fp/hard/crtbegin.o
 .text          0x0000000008000aa0       0x7c /home/victor/Documents/gcc-arm-none-eabi-10-2020-q4-major/bin/../lib/gcc/arm-none-eabi/10.2.1/../../../../arm-none-eabi/lib/thumb/v7e-m+fp/hard/crt0.o
                0x0000000008000aa0                _stack_init
                0x0000000008000aa8                _mainCRTStartup
                0x0000000008000aa8                _start
 .text          0x0000000008000b1c      0x1a0 CMakeFiles/rpmsg_lite_pingpong_rtos_linux_remote.elf.dir/home/victor/Documents/SDK_IMX8MINI/devices/MIMX8MM6/gcc/startup_MIMX8MM6_cm4.S.obj
                0x0000000008000b1c                Reset_Handler
                0x0000000008000ba8                Reserved96_IRQHandler
                0x0000000008000ba8                SJC_IRQHandler
                0x0000000008000ba8                DebugMon_Handler
                0x0000000008000ba8                DDR_PerformanceMonitor_IRQHandler
                0x0000000008000ba8                SRC_IRQHandler
                0x0000000008000ba8                GPIO2_Combined_0_15_IRQHandler
                0x0000000008000ba8                GPIO1_INT2_IRQHandler
                0x0000000008000ba8                PWM1_IRQHandler
                0x0000000008000ba8                CAAM_IRQ1_IRQHandler
                0x0000000008000ba8                CPU_Error_L2RAM_IRQHandler
                0x0000000008000ba8                CAAM_ERROR_IRQHandler
                0x0000000008000ba8                GPIO1_INT7_IRQHandler
                0x0000000008000ba8                Reserved59_IRQHandler
                0x0000000008000ba8                PCIE_CTRL1_IRQ0_IRQHandler
                0x0000000008000ba8                Reserved29_IRQHandler
                0x0000000008000ba8                QOS_IRQHandler
                0x0000000008000ba8                PDM_HWVAD_ERROR_IRQHandler
                0x0000000008000ba8                I2S2_DriverIRQHandler
                0x0000000008000ba8                GPIO5_Combined_0_15_IRQHandler
                0x0000000008000ba8                MIPI_DSI_IRQHandler
                0x0000000008000ba8                I2C3_DriverIRQHandler
                0x0000000008000ba8                USB1_IRQHandler
                0x0000000008000ba8                ENET_1588_DriverIRQHandler
                0x0000000008000ba8                SNVS_IRQHandler
                0x0000000008000ba8                Reserved116_IRQHandler
                0x0000000008000ba8                SRC_Combined_IRQHandler
                0x0000000008000ba8                GPIO4_Combined_0_15_IRQHandler
                0x0000000008000ba8                Reserved92_IRQHandler
                0x0000000008000ba8                VPU_G1_IRQHandler
                0x0000000008000ba8                PERFMON1_IRQHandler
                0x0000000008000ba8                SCTR_IRQ0_IRQHandler
                0x0000000008000ba8                PWM3_IRQHandler
                0x0000000008000ba8                I2C2_DriverIRQHandler
                0x0000000008000ba8                GPU2D_IRQHandler
                0x0000000008000ba8                HS_CP0_IRQHandler
                0x0000000008000ba8                UsageFault_Handler
                0x0000000008000ba8                WDOG1_IRQHandler
                0x0000000008000ba8                DAP_IRQHandler
                0x0000000008000ba8                TEMPMON_LOW_IRQHandler
                0x0000000008000ba8                GPT1_IRQHandler
                0x0000000008000ba8                DefaultISR
                0x0000000008000ba8                VPU_G2_IRQHandler
                0x0000000008000ba8                Reserved58_IRQHandler
                0x0000000008000ba8                I2S3_DriverIRQHandler
                0x0000000008000ba8                SDMA2_DriverIRQHandler
                0x0000000008000ba8                GPT3_IRQHandler
                0x0000000008000ba8                SNVS_Security_IRQHandler
                0x0000000008000ba8                USDHC1_DriverIRQHandler
                0x0000000008000ba8                GPIO1_INT0_IRQHandler
                0x0000000008000ba8                CCM_IRQ1_IRQHandler
                0x0000000008000ba8                CSU_IRQHandler
                0x0000000008000ba8                ENET_MAC0_Rx_Tx_Done2_DriverIRQHandler
                0x0000000008000ba8                ECSPI3_DriverIRQHandler
                0x0000000008000ba8                SDMA1_DriverIRQHandler
                0x0000000008000ba8                ENET_DriverIRQHandler
                0x0000000008000ba8                MIPI_CSI1_IRQHandler
                0x0000000008000ba8                ECSPI2_DriverIRQHandler
                0x0000000008000ba8                GPIO1_Combined_16_31_IRQHandler
                0x0000000008000ba8                CPU_CTI_Trigger_IRQHandler
                0x0000000008000ba8                PERFMON2_IRQHandler
                0x0000000008000ba8                QSPI_DriverIRQHandler
                0x0000000008000ba8                GPIO3_Combined_16_31_IRQHandler
                0x0000000008000ba8                CPU_Error_AXI_IRQHandler
                0x0000000008000ba8                CSI1_IRQHandler
                0x0000000008000ba8                RDC_IRQHandler
                0x0000000008000ba8                WDOG2_IRQHandler
                0x0000000008000ba8                GPIO1_INT5_IRQHandler
                0x0000000008000ba8                PWM2_IRQHandler
                0x0000000008000ba8                GPIO1_INT6_IRQHandler
                0x0000000008000ba8                SNVS_Consolidated_IRQHandler
                0x0000000008000ba8                I2S1_DriverIRQHandler
                0x0000000008000ba8                GPR_IRQ_IRQHandler
                0x0000000008000ba8                PCIE_CTRL1_IRQ1_IRQHandler
                0x0000000008000ba8                GPC_IRQHandler
                0x0000000008000ba8                GPIO3_Combined_0_15_IRQHandler
                0x0000000008000ba8                I2S56_DriverIRQHandler
                0x0000000008000ba8                SCTR_IRQ1_IRQHandler
                0x0000000008000ba8                GPMI_IRQHandler
                0x0000000008000ba8                GPIO5_Combined_16_31_IRQHandler
                0x0000000008000ba8                CPU_PerformanceUnit_IRQHandler
                0x0000000008000ba8                ENET_MAC0_Rx_Tx_Done1_DriverIRQHandler
                0x0000000008000ba8                PWM4_IRQHandler
                0x0000000008000ba8                TZASC_IRQHandler
                0x0000000008000ba8                MU_A53_IRQHandler
                0x0000000008000ba8                USDHC3_DriverIRQHandler
                0x0000000008000ba8                GPIO1_INT1_IRQHandler
                0x0000000008000ba8                DDR_IRQHandler
                0x0000000008000ba8                PCIE_CTRL1_IRQHandler
                0x0000000008000ba8                HS_CP1_IRQHandler
                0x0000000008000ba8                GPIO1_INT4_IRQHandler
                0x0000000008000ba8                USDHC2_DriverIRQHandler
                0x0000000008000ba8                MemManage_Handler
                0x0000000008000ba8                Reserved90_IRQHandler
                0x0000000008000ba8                GPT4_IRQHandler
                0x0000000008000ba8                Reserved133_IRQHandler
                0x0000000008000ba8                PDM_EVENT_DriverIRQHandler
                0x0000000008000ba8                I2C4_DriverIRQHandler
                0x0000000008000ba8                USB2_IRQHandler
                0x0000000008000ba8                PDM_HWVAD_EVENT_IRQHandler
                0x0000000008000ba8                BCH_IRQHandler
                0x0000000008000ba8                Reserved142_IRQHandler
                0x0000000008000ba8                VPU_H1_IRQHandler
                0x0000000008000ba8                GPIO1_INT3_IRQHandler
                0x0000000008000ba8                GPIO1_Combined_0_15_IRQHandler
                0x0000000008000ba8                I2C1_DriverIRQHandler
                0x0000000008000ba8                Reserved91_IRQHandler
                0x0000000008000ba8                Reserved127_IRQHandler
                0x0000000008000ba8                SDMA3_DriverIRQHandler
                0x0000000008000ba8                ECSPI1_DriverIRQHandler
                0x0000000008000ba8                PCIE_CTRL1_IRQ3_IRQHandler
                0x0000000008000ba8                PCIE_CTRL1_IRQ2_IRQHandler
                0x0000000008000ba8                GPU3D_IRQHandler
                0x0000000008000ba8                APBHDMA_DriverIRQHandler
                0x0000000008000ba8                GPIO2_Combined_16_31_IRQHandler
                0x0000000008000ba8                SPDIF1_DriverIRQHandler
                0x0000000008000ba8                CAAM_IRQ2_IRQHandler
                0x0000000008000ba8                GPT2_IRQHandler
                0x0000000008000ba8                RTIC_IRQHandler
                0x0000000008000ba8                PDM_ERROR_IRQHandler
                0x0000000008000ba8                GPT5_IRQHandler
                0x0000000008000ba8                BusFault_Handler
                0x0000000008000ba8                GPIO4_Combined_16_31_IRQHandler
                0x0000000008000ba8                Reserved93_IRQHandler
                0x0000000008000ba8                GPT6_IRQHandler
                0x0000000008000ba8                CAAM_IRQ0_IRQHandler
                0x0000000008000ba8                CCM_IRQ2_IRQHandler
                0x0000000008000ba8                WDOG3_IRQHandler
                0x0000000008000ba8                LCDIF_IRQHandler
                0x0000000008000bac                NMI_Handler
                0x0000000008000bb0                HardFault_Handler
                0x0000000008000bc0                SDMA1_IRQHandler
                0x0000000008000bc4                SPDIF1_IRQHandler
                0x0000000008000bc8                APBHDMA_IRQHandler
                0x0000000008000bcc                USDHC1_IRQHandler
                0x0000000008000bd0                USDHC2_IRQHandler
                0x0000000008000bd4                USDHC3_IRQHandler
                0x0000000008000bd8                UART1_IRQHandler
                0x0000000008000bdc                UART2_IRQHandler
                0x0000000008000be0                UART3_IRQHandler
                0x0000000008000be4                UART4_IRQHandler
                0x0000000008000be8                ECSPI1_IRQHandler
                0x0000000008000bec                ECSPI2_IRQHandler
                0x0000000008000bf0                ECSPI3_IRQHandler
                0x0000000008000bf4                SDMA3_IRQHandler
                0x0000000008000bf8                I2C1_IRQHandler
                0x0000000008000bfc                I2C2_IRQHandler
                0x0000000008000c00                I2C3_IRQHandler
                0x0000000008000c04                I2C4_IRQHandler
                0x0000000008000c08                I2S3_IRQHandler
                0x0000000008000c0c                I2S56_IRQHandler
                0x0000000008000c10                I2S1_IRQHandler
                0x0000000008000c14                I2S2_IRQHandler
                0x0000000008000c18                SDMA2_IRQHandler
                0x0000000008000c1c                QSPI_IRQHandler
                0x0000000008000c20                PDM_EVENT_IRQHandler
                0x0000000008000c24                ENET_MAC0_Rx_Tx_Done1_IRQHandler
                0x0000000008000c28                ENET_MAC0_Rx_Tx_Done2_IRQHandler
                0x0000000008000c2c                ENET_IRQHandler
                0x0000000008000c30                ENET_1588_IRQHandler
 .text          0x0000000008000cbc       0x10 /home/victor/Documents/gcc-arm-none-eabi-10-2020-q4-major/bin/../lib/gcc/arm-none-eabi/10.2.1/../../../../arm-none-eabi/lib/thumb/v7e-m+fp/hard/libc_nano.a(lib_a-strlen.o)
                0x0000000008000cbc                strlen
 .text          0x0000000008000ccc       0x30 /home/victor/Documents/gcc-arm-none-eabi-10-2020-q4-major/bin/../lib/gcc/arm-none-eabi/10.2.1/thumb/v7e-m+fp/hard/libgcc.a(_aeabi_uldivmod.o)
                0x0000000008000ccc                __aeabi_uldivmod
 .text          0x0000000008000cfc      0x2d0 /home/victor/Documents/gcc-arm-none-eabi-10-2020-q4-major/bin/../lib/gcc/arm-none-eabi/10.2.1/thumb/v7e-m+fp/hard/libgcc.a(_udivmoddi4.o)
                0x0000000008000cfc                __udivmoddi4
 .text          0x0000000008000fcc        0x4 /home/victor/Documents/gcc-arm-none-eabi-10-2020-q4-major/bin/../lib/gcc/arm-none-eabi/10.2.1/thumb/v7e-m+fp/hard/libgcc.a(_dvmd_tls.o)
                0x0000000008000fcc                __aeabi_ldiv0
                0x0000000008000fcc                __aeabi_idiv0
 *(.text*)
 .text.app_nameservice_isr_cb
                0x0000000008000fd0        0x2 CMakeFiles/rpmsg_lite_pingpong_rtos_linux_remote.elf.dir/home/victor/Documents/SDK_IMX8MINI/boards/evkmimx8mm/multicore_examples/rpmsg_lite_pingpong_rtos/linux_remote/main_remote.c.obj
 *fill*         0x0000000008000fd2        0x2 
 .text.app_task
                0x0000000008000fd4      0x144 CMakeFiles/rpmsg_lite_pingpong_rtos_linux_remote.elf.dir/home/victor/Documents/SDK_IMX8MINI/boards/evkmimx8mm/multicore_examples/rpmsg_lite_pingpong_rtos/linux_remote/main_remote.c.obj
 .text.startup.main
                0x0000000008001118       0x5c CMakeFiles/rpmsg_lite_pingpong_rtos_linux_remote.elf.dir/home/victor/Documents/SDK_IMX8MINI/boards/evkmimx8mm/multicore_examples/rpmsg_lite_pingpong_rtos/linux_remote/main_remote.c.obj
                0x0000000008001118                main
 .text.BOARD_InitPins
                0x0000000008001174       0x24 CMakeFiles/rpmsg_lite_pingpong_rtos_linux_remote.elf.dir/home/victor/Documents/SDK_IMX8MINI/boards/evkmimx8mm/multicore_examples/rpmsg_lite_pingpong_rtos/linux_remote/pin_mux.c.obj
                0x0000000008001174                BOARD_InitPins
 .text.BOARD_InitBootPins
                0x0000000008001198        0x4 CMakeFiles/rpmsg_lite_pingpong_rtos_linux_remote.elf.dir/home/victor/Documents/SDK_IMX8MINI/boards/evkmimx8mm/multicore_examples/rpmsg_lite_pingpong_rtos/linux_remote/pin_mux.c.obj
                0x0000000008001198                BOARD_InitBootPins
 .text.copyResourceTable
                0x000000000800119c       0x24 CMakeFiles/rpmsg_lite_pingpong_rtos_linux_remote.elf.dir/home/victor/Documents/SDK_IMX8MINI/boards/evkmimx8mm/multicore_examples/rpmsg_lite_pingpong_rtos/linux_remote/rsc_table.c.obj
                0x000000000800119c                copyResourceTable
 .text.BOARD_InitDebugConsole
                0x00000000080011c0       0x58 CMakeFiles/rpmsg_lite_pingpong_rtos_linux_remote.elf.dir/home/victor/Documents/SDK_IMX8MINI/boards/evkmimx8mm/multicore_examples/rpmsg_lite_pingpong_rtos/linux_remote/board.c.obj
                0x00000000080011c0                BOARD_InitDebugConsole
 .text.BOARD_InitMemory
                0x0000000008001218       0xfc CMakeFiles/rpmsg_lite_pingpong_rtos_linux_remote.elf.dir/home/victor/Documents/SDK_IMX8MINI/boards/evkmimx8mm/multicore_examples/rpmsg_lite_pingpong_rtos/linux_remote/board.c.obj
                0x0000000008001218                BOARD_InitMemory
 .text.BOARD_RdcInit
                0x0000000008001314       0x78 CMakeFiles/rpmsg_lite_pingpong_rtos_linux_remote.elf.dir/home/victor/Documents/SDK_IMX8MINI/boards/evkmimx8mm/multicore_examples/rpmsg_lite_pingpong_rtos/linux_remote/board.c.obj
                0x0000000008001314                BOARD_RdcInit
 .text.BOARD_BootClockRUN
                0x000000000800138c      0x110 CMakeFiles/rpmsg_lite_pingpong_rtos_linux_remote.elf.dir/home/victor/Documents/SDK_IMX8MINI/boards/evkmimx8mm/multicore_examples/rpmsg_lite_pingpong_rtos/linux_remote/clock_config.c.obj
                0x000000000800138c                BOARD_BootClockRUN
 .text.platform_init_interrupt
                0x000000000800149c       0x44 CMakeFiles/rpmsg_lite_pingpong_rtos_linux_remote.elf.dir/home/victor/Documents/SDK_IMX8MINI/middleware/multicore/rpmsg_lite/lib/rpmsg_lite/porting/platform/imx8mm_m4/rpmsg_platform.c.obj
                0x000000000800149c                platform_init_interrupt
 .text.platform_deinit_interrupt
                0x00000000080014e0       0x48 CMakeFiles/rpmsg_lite_pingpong_rtos_linux_remote.elf.dir/home/victor/Documents/SDK_IMX8MINI/middleware/multicore/rpmsg_lite/lib/rpmsg_lite/porting/platform/imx8mm_m4/rpmsg_platform.c.obj
                0x00000000080014e0                platform_deinit_interrupt
 .text.platform_notify
                0x0000000008001528       0x28 CMakeFiles/rpmsg_lite_pingpong_rtos_linux_remote.elf.dir/home/victor/Documents/SDK_IMX8MINI/middleware/multicore/rpmsg_lite/lib/rpmsg_lite/porting/platform/imx8mm_m4/rpmsg_platform.c.obj
                0x0000000008001528                platform_notify
 .text.MU_M4_IRQHandler
                0x0000000008001550       0x20 CMakeFiles/rpmsg_lite_pingpong_rtos_linux_remote.elf.dir/home/victor/Documents/SDK_IMX8MINI/middleware/multicore/rpmsg_lite/lib/rpmsg_lite/porting/platform/imx8mm_m4/rpmsg_platform.c.obj
                0x0000000008001550                MU_M4_IRQHandler
 .text.platform_in_isr
                0x0000000008001570       0x14 CMakeFiles/rpmsg_lite_pingpong_rtos_linux_remote.elf.dir/home/victor/Documents/SDK_IMX8MINI/middleware/multicore/rpmsg_lite/lib/rpmsg_lite/porting/platform/imx8mm_m4/rpmsg_platform.c.obj
                0x0000000008001570                platform_in_isr
 .text.platform_interrupt_enable
                0x0000000008001584       0x28 CMakeFiles/rpmsg_lite_pingpong_rtos_linux_remote.elf.dir/home/victor/Documents/SDK_IMX8MINI/middleware/multicore/rpmsg_lite/lib/rpmsg_lite/porting/platform/imx8mm_m4/rpmsg_platform.c.obj
                0x0000000008001584                platform_interrupt_enable
 .text.platform_interrupt_disable
                0x00000000080015ac       0x34 CMakeFiles/rpmsg_lite_pingpong_rtos_linux_remote.elf.dir/home/victor/Documents/SDK_IMX8MINI/middleware/multicore/rpmsg_lite/lib/rpmsg_lite/porting/platform/imx8mm_m4/rpmsg_platform.c.obj
                0x00000000080015ac                platform_interrupt_disable
 .text.platform_patova
                0x00000000080015e0        0x2 CMakeFiles/rpmsg_lite_pingpong_rtos_linux_remote.elf.dir/home/victor/Documents/SDK_IMX8MINI/middleware/multicore/rpmsg_lite/lib/rpmsg_lite/porting/platform/imx8mm_m4/rpmsg_platform.c.obj
                0x00000000080015e0                platform_patova
 *fill*         0x00000000080015e2        0x2 
 .text.platform_init
                0x00000000080015e4       0x34 CMakeFiles/rpmsg_lite_pingpong_rtos_linux_remote.elf.dir/home/victor/Documents/SDK_IMX8MINI/middleware/multicore/rpmsg_lite/lib/rpmsg_lite/porting/platform/imx8mm_m4/rpmsg_platform.c.obj
                0x00000000080015e4                platform_init
 .text.platform_deinit
                0x0000000008001618       0x14 CMakeFiles/rpmsg_lite_pingpong_rtos_linux_remote.elf.dir/home/victor/Documents/SDK_IMX8MINI/middleware/multicore/rpmsg_lite/lib/rpmsg_lite/porting/platform/imx8mm_m4/rpmsg_platform.c.obj
                0x0000000008001618                platform_deinit
 .text.add_to_list
                0x000000000800162c       0x1e CMakeFiles/rpmsg_lite_pingpong_rtos_linux_remote.elf.dir/home/victor/Documents/SDK_IMX8MINI/middleware/multicore/rpmsg_lite/lib/common/llist.c.obj
                0x000000000800162c                add_to_list
 .text.remove_from_list
                0x000000000800164a       0x1c CMakeFiles/rpmsg_lite_pingpong_rtos_linux_remote.elf.dir/home/victor/Documents/SDK_IMX8MINI/middleware/multicore/rpmsg_lite/lib/common/llist.c.obj
                0x000000000800164a                remove_from_list
 .text.rpmsg_lite_tx_callback
                0x0000000008001666        0xc CMakeFiles/rpmsg_lite_pingpong_rtos_linux_remote.elf.dir/home/victor/Documents/SDK_IMX8MINI/middleware/multicore/rpmsg_lite/lib/rpmsg_lite/rpmsg_lite.c.obj
 .text.virtqueue_notify
                0x0000000008001672        0x8 CMakeFiles/rpmsg_lite_pingpong_rtos_linux_remote.elf.dir/home/victor/Documents/SDK_IMX8MINI/middleware/multicore/rpmsg_lite/lib/rpmsg_lite/rpmsg_lite.c.obj
 .text.vq_tx_remote
                0x000000000800167a        0xe CMakeFiles/rpmsg_lite_pingpong_rtos_linux_remote.elf.dir/home/victor/Documents/SDK_IMX8MINI/middleware/multicore/rpmsg_lite/lib/rpmsg_lite/rpmsg_lite.c.obj
 .text.vq_rx_free_remote
                0x0000000008001688        0x4 CMakeFiles/rpmsg_lite_pingpong_rtos_linux_remote.elf.dir/home/victor/Documents/SDK_IMX8MINI/middleware/multicore/rpmsg_lite/lib/rpmsg_lite/rpmsg_lite.c.obj
 .text.vq_tx_alloc_remote
                0x000000000800168c        0xa CMakeFiles/rpmsg_lite_pingpong_rtos_linux_remote.elf.dir/home/victor/Documents/SDK_IMX8MINI/middleware/multicore/rpmsg_lite/lib/rpmsg_lite/rpmsg_lite.c.obj
 .text.rpmsg_lite_get_endpoint_from_addr.isra.0
                0x0000000008001696       0x10 CMakeFiles/rpmsg_lite_pingpong_rtos_linux_remote.elf.dir/home/victor/Documents/SDK_IMX8MINI/middleware/multicore/rpmsg_lite/lib/rpmsg_lite/rpmsg_lite.c.obj
 .text.rpmsg_lite_rx_callback
                0x00000000080016a6       0x56 CMakeFiles/rpmsg_lite_pingpong_rtos_linux_remote.elf.dir/home/victor/Documents/SDK_IMX8MINI/middleware/multicore/rpmsg_lite/lib/rpmsg_lite/rpmsg_lite.c.obj
 .text.vq_rx_remote
                0x00000000080016fc        0xa CMakeFiles/rpmsg_lite_pingpong_rtos_linux_remote.elf.dir/home/victor/Documents/SDK_IMX8MINI/middleware/multicore/rpmsg_lite/lib/rpmsg_lite/rpmsg_lite.c.obj
 .text.rpmsg_lite_create_ept
                0x0000000008001706       0x90 CMakeFiles/rpmsg_lite_pingpong_rtos_linux_remote.elf.dir/home/victor/Documents/SDK_IMX8MINI/middleware/multicore/rpmsg_lite/lib/rpmsg_lite/rpmsg_lite.c.obj
                0x0000000008001706                rpmsg_lite_create_ept
 *fill*         0x0000000008001796        0x2 
 .text.rpmsg_lite_destroy_ept
                0x0000000008001798       0x4c CMakeFiles/rpmsg_lite_pingpong_rtos_linux_remote.elf.dir/home/victor/Documents/SDK_IMX8MINI/middleware/multicore/rpmsg_lite/lib/rpmsg_lite/rpmsg_lite.c.obj
                0x0000000008001798                rpmsg_lite_destroy_ept
 .text.rpmsg_lite_is_link_up
                0x00000000080017e4        0x6 CMakeFiles/rpmsg_lite_pingpong_rtos_linux_remote.elf.dir/home/victor/Documents/SDK_IMX8MINI/middleware/multicore/rpmsg_lite/lib/rpmsg_lite/rpmsg_lite.c.obj
                0x00000000080017e4                rpmsg_lite_is_link_up
 *fill*         0x00000000080017ea        0x2 
 .text.rpmsg_lite_send
                0x00000000080017ec       0xec CMakeFiles/rpmsg_lite_pingpong_rtos_linux_remote.elf.dir/home/victor/Documents/SDK_IMX8MINI/middleware/multicore/rpmsg_lite/lib/rpmsg_lite/rpmsg_lite.c.obj
                0x00000000080017ec                rpmsg_lite_send
 .text.rpmsg_lite_release_rx_buffer
                0x00000000080018d8       0x40 CMakeFiles/rpmsg_lite_pingpong_rtos_linux_remote.elf.dir/home/victor/Documents/SDK_IMX8MINI/middleware/multicore/rpmsg_lite/lib/rpmsg_lite/rpmsg_lite.c.obj
                0x00000000080018d8                rpmsg_lite_release_rx_buffer
 .text.rpmsg_lite_remote_init
                0x0000000008001918      0x11c CMakeFiles/rpmsg_lite_pingpong_rtos_linux_remote.elf.dir/home/victor/Documents/SDK_IMX8MINI/middleware/multicore/rpmsg_lite/lib/rpmsg_lite/rpmsg_lite.c.obj
                0x0000000008001918                rpmsg_lite_remote_init
 .text.rpmsg_lite_deinit
                0x0000000008001a34       0x7c CMakeFiles/rpmsg_lite_pingpong_rtos_linux_remote.elf.dir/home/victor/Documents/SDK_IMX8MINI/middleware/multicore/rpmsg_lite/lib/rpmsg_lite/rpmsg_lite.c.obj
                0x0000000008001a34                rpmsg_lite_deinit
 .text.rpmsg_ns_rx_cb
                0x0000000008001ab0       0x1e CMakeFiles/rpmsg_lite_pingpong_rtos_linux_remote.elf.dir/home/victor/Documents/SDK_IMX8MINI/middleware/multicore/rpmsg_lite/lib/rpmsg_lite/rpmsg_ns.c.obj
 *fill*         0x0000000008001ace        0x2 
 .text.rpmsg_ns_bind
                0x0000000008001ad0       0x4c CMakeFiles/rpmsg_lite_pingpong_rtos_linux_remote.elf.dir/home/victor/Documents/SDK_IMX8MINI/middleware/multicore/rpmsg_lite/lib/rpmsg_lite/rpmsg_ns.c.obj
                0x0000000008001ad0                rpmsg_ns_bind
 .text.rpmsg_ns_unbind
                0x0000000008001b1c       0x1c CMakeFiles/rpmsg_lite_pingpong_rtos_linux_remote.elf.dir/home/victor/Documents/SDK_IMX8MINI/middleware/multicore/rpmsg_lite/lib/rpmsg_lite/rpmsg_ns.c.obj
                0x0000000008001b1c                rpmsg_ns_unbind
 .text.rpmsg_ns_announce
                0x0000000008001b38       0x40 CMakeFiles/rpmsg_lite_pingpong_rtos_linux_remote.elf.dir/home/victor/Documents/SDK_IMX8MINI/middleware/multicore/rpmsg_lite/lib/rpmsg_lite/rpmsg_ns.c.obj
                0x0000000008001b38                rpmsg_ns_announce
 .text.vq_ring_update_used
                0x0000000008001b78       0x26 CMakeFiles/rpmsg_lite_pingpong_rtos_linux_remote.elf.dir/home/victor/Documents/SDK_IMX8MINI/middleware/multicore/rpmsg_lite/lib/virtio/virtqueue.c.obj
 *fill*         0x0000000008001b9e        0x2 
 .text.virtqueue_create
                0x0000000008001ba0       0x94 CMakeFiles/rpmsg_lite_pingpong_rtos_linux_remote.elf.dir/home/victor/Documents/SDK_IMX8MINI/middleware/multicore/rpmsg_lite/lib/virtio/virtqueue.c.obj
                0x0000000008001ba0                virtqueue_create
 .text.virtqueue_get_buffer_length
                0x0000000008001c34        0xa CMakeFiles/rpmsg_lite_pingpong_rtos_linux_remote.elf.dir/home/victor/Documents/SDK_IMX8MINI/middleware/multicore/rpmsg_lite/lib/virtio/virtqueue.c.obj
                0x0000000008001c34                virtqueue_get_buffer_length
 .text.virtqueue_free
                0x0000000008001c3e       0x12 CMakeFiles/rpmsg_lite_pingpong_rtos_linux_remote.elf.dir/home/victor/Documents/SDK_IMX8MINI/middleware/multicore/rpmsg_lite/lib/virtio/virtqueue.c.obj
                0x0000000008001c3e                virtqueue_free
 .text.virtqueue_get_available_buffer
                0x0000000008001c50       0x4c CMakeFiles/rpmsg_lite_pingpong_rtos_linux_remote.elf.dir/home/victor/Documents/SDK_IMX8MINI/middleware/multicore/rpmsg_lite/lib/virtio/virtqueue.c.obj
                0x0000000008001c50                virtqueue_get_available_buffer
 .text.virtqueue_add_consumed_buffer
                0x0000000008001c9c       0x1c CMakeFiles/rpmsg_lite_pingpong_rtos_linux_remote.elf.dir/home/victor/Documents/SDK_IMX8MINI/middleware/multicore/rpmsg_lite/lib/virtio/virtqueue.c.obj
                0x0000000008001c9c                virtqueue_add_consumed_buffer
 .text.virtqueue_kick
                0x0000000008001cb8       0x46 CMakeFiles/rpmsg_lite_pingpong_rtos_linux_remote.elf.dir/home/victor/Documents/SDK_IMX8MINI/middleware/multicore/rpmsg_lite/lib/virtio/virtqueue.c.obj
                0x0000000008001cb8                virtqueue_kick
 .text.virtqueue_notification
                0x0000000008001cfe        0xa CMakeFiles/rpmsg_lite_pingpong_rtos_linux_remote.elf.dir/home/victor/Documents/SDK_IMX8MINI/middleware/multicore/rpmsg_lite/lib/virtio/virtqueue.c.obj
                0x0000000008001cfe                virtqueue_notification
 .text.env_init
                0x0000000008001d08       0x78 CMakeFiles/rpmsg_lite_pingpong_rtos_linux_remote.elf.dir/home/victor/Documents/SDK_IMX8MINI/middleware/multicore/rpmsg_lite/lib/rpmsg_lite/porting/environment/rpmsg_env_freertos.c.obj
                0x0000000008001d08                env_init
 .text.env_deinit
                0x0000000008001d80       0x4c CMakeFiles/rpmsg_lite_pingpong_rtos_linux_remote.elf.dir/home/victor/Documents/SDK_IMX8MINI/middleware/multicore/rpmsg_lite/lib/rpmsg_lite/porting/environment/rpmsg_env_freertos.c.obj
                0x0000000008001d80                env_deinit
 .text.env_allocate_memory
                0x0000000008001dcc        0x4 CMakeFiles/rpmsg_lite_pingpong_rtos_linux_remote.elf.dir/home/victor/Documents/SDK_IMX8MINI/middleware/multicore/rpmsg_lite/lib/rpmsg_lite/porting/environment/rpmsg_env_freertos.c.obj
                0x0000000008001dcc                env_allocate_memory
 .text.env_free_memory
                0x0000000008001dd0        0x8 CMakeFiles/rpmsg_lite_pingpong_rtos_linux_remote.elf.dir/home/victor/Documents/SDK_IMX8MINI/middleware/multicore/rpmsg_lite/lib/rpmsg_lite/porting/environment/rpmsg_env_freertos.c.obj
                0x0000000008001dd0                env_free_memory
 .text.env_memset
                0x0000000008001dd8        0x4 CMakeFiles/rpmsg_lite_pingpong_rtos_linux_remote.elf.dir/home/victor/Documents/SDK_IMX8MINI/middleware/multicore/rpmsg_lite/lib/rpmsg_lite/porting/environment/rpmsg_env_freertos.c.obj
                0x0000000008001dd8                env_memset
 .text.env_memcpy
                0x0000000008001ddc        0x4 CMakeFiles/rpmsg_lite_pingpong_rtos_linux_remote.elf.dir/home/victor/Documents/SDK_IMX8MINI/middleware/multicore/rpmsg_lite/lib/rpmsg_lite/porting/environment/rpmsg_env_freertos.c.obj
                0x0000000008001ddc                env_memcpy
 .text.env_strncpy
                0x0000000008001de0        0x4 CMakeFiles/rpmsg_lite_pingpong_rtos_linux_remote.elf.dir/home/victor/Documents/SDK_IMX8MINI/middleware/multicore/rpmsg_lite/lib/rpmsg_lite/porting/environment/rpmsg_env_freertos.c.obj
                0x0000000008001de0                env_strncpy
 .text.env_mb   0x0000000008001de4        0x6 CMakeFiles/rpmsg_lite_pingpong_rtos_linux_remote.elf.dir/home/victor/Documents/SDK_IMX8MINI/middleware/multicore/rpmsg_lite/lib/rpmsg_lite/porting/environment/rpmsg_env_freertos.c.obj
                0x0000000008001de4                env_mb
 .text.env_rmb  0x0000000008001dea        0x6 CMakeFiles/rpmsg_lite_pingpong_rtos_linux_remote.elf.dir/home/victor/Documents/SDK_IMX8MINI/middleware/multicore/rpmsg_lite/lib/rpmsg_lite/porting/environment/rpmsg_env_freertos.c.obj
                0x0000000008001dea                env_rmb
 .text.env_wmb  0x0000000008001df0        0x6 CMakeFiles/rpmsg_lite_pingpong_rtos_linux_remote.elf.dir/home/victor/Documents/SDK_IMX8MINI/middleware/multicore/rpmsg_lite/lib/rpmsg_lite/porting/environment/rpmsg_env_freertos.c.obj
                0x0000000008001df0                env_wmb
 .text.env_map_patova
                0x0000000008001df6        0x4 CMakeFiles/rpmsg_lite_pingpong_rtos_linux_remote.elf.dir/home/victor/Documents/SDK_IMX8MINI/middleware/multicore/rpmsg_lite/lib/rpmsg_lite/porting/environment/rpmsg_env_freertos.c.obj
                0x0000000008001df6                env_map_patova
 .text.env_create_mutex
                0x0000000008001dfa       0x20 CMakeFiles/rpmsg_lite_pingpong_rtos_linux_remote.elf.dir/home/victor/Documents/SDK_IMX8MINI/middleware/multicore/rpmsg_lite/lib/rpmsg_lite/porting/environment/rpmsg_env_freertos.c.obj
                0x0000000008001dfa                env_create_mutex
 .text.env_delete_mutex
                0x0000000008001e1a        0x4 CMakeFiles/rpmsg_lite_pingpong_rtos_linux_remote.elf.dir/home/victor/Documents/SDK_IMX8MINI/middleware/multicore/rpmsg_lite/lib/rpmsg_lite/porting/environment/rpmsg_env_freertos.c.obj
                0x0000000008001e1a                env_delete_mutex
 .text.env_lock_mutex
                0x0000000008001e1e       0x1a CMakeFiles/rpmsg_lite_pingpong_rtos_linux_remote.elf.dir/home/victor/Documents/SDK_IMX8MINI/middleware/multicore/rpmsg_lite/lib/rpmsg_lite/porting/environment/rpmsg_env_freertos.c.obj
                0x0000000008001e1e                env_lock_mutex
 .text.env_unlock_mutex
                0x0000000008001e38       0x1c CMakeFiles/rpmsg_lite_pingpong_rtos_linux_remote.elf.dir/home/victor/Documents/SDK_IMX8MINI/middleware/multicore/rpmsg_lite/lib/rpmsg_lite/porting/environment/rpmsg_env_freertos.c.obj
                0x0000000008001e38                env_unlock_mutex
 .text.env_sleep_msec
                0x0000000008001e54        0x4 CMakeFiles/rpmsg_lite_pingpong_rtos_linux_remote.elf.dir/home/victor/Documents/SDK_IMX8MINI/middleware/multicore/rpmsg_lite/lib/rpmsg_lite/porting/environment/rpmsg_env_freertos.c.obj
                0x0000000008001e54                env_sleep_msec
 .text.env_register_isr
                0x0000000008001e58       0x14 CMakeFiles/rpmsg_lite_pingpong_rtos_linux_remote.elf.dir/home/victor/Documents/SDK_IMX8MINI/middleware/multicore/rpmsg_lite/lib/rpmsg_lite/porting/environment/rpmsg_env_freertos.c.obj
                0x0000000008001e58                env_register_isr
 .text.env_unregister_isr
                0x0000000008001e6c       0x14 CMakeFiles/rpmsg_lite_pingpong_rtos_linux_remote.elf.dir/home/victor/Documents/SDK_IMX8MINI/middleware/multicore/rpmsg_lite/lib/rpmsg_lite/porting/environment/rpmsg_env_freertos.c.obj
                0x0000000008001e6c                env_unregister_isr
 .text.env_enable_interrupt
                0x0000000008001e80        0x4 CMakeFiles/rpmsg_lite_pingpong_rtos_linux_remote.elf.dir/home/victor/Documents/SDK_IMX8MINI/middleware/multicore/rpmsg_lite/lib/rpmsg_lite/porting/environment/rpmsg_env_freertos.c.obj
                0x0000000008001e80                env_enable_interrupt
 .text.env_disable_interrupt
                0x0000000008001e84        0x4 CMakeFiles/rpmsg_lite_pingpong_rtos_linux_remote.elf.dir/home/victor/Documents/SDK_IMX8MINI/middleware/multicore/rpmsg_lite/lib/rpmsg_lite/porting/environment/rpmsg_env_freertos.c.obj
                0x0000000008001e84                env_disable_interrupt
 .text.env_isr  0x0000000008001e88       0x14 CMakeFiles/rpmsg_lite_pingpong_rtos_linux_remote.elf.dir/home/victor/Documents/SDK_IMX8MINI/middleware/multicore/rpmsg_lite/lib/rpmsg_lite/porting/environment/rpmsg_env_freertos.c.obj
                0x0000000008001e88                env_isr
 .text.env_create_queue
                0x0000000008001e9c       0x1a CMakeFiles/rpmsg_lite_pingpong_rtos_linux_remote.elf.dir/home/victor/Documents/SDK_IMX8MINI/middleware/multicore/rpmsg_lite/lib/rpmsg_lite/porting/environment/rpmsg_env_freertos.c.obj
                0x0000000008001e9c                env_create_queue
 .text.env_delete_queue
                0x0000000008001eb6        0x4 CMakeFiles/rpmsg_lite_pingpong_rtos_linux_remote.elf.dir/home/victor/Documents/SDK_IMX8MINI/middleware/multicore/rpmsg_lite/lib/rpmsg_lite/porting/environment/rpmsg_env_freertos.c.obj
                0x0000000008001eb6                env_delete_queue
 .text.env_put_queue
                0x0000000008001eba       0x56 CMakeFiles/rpmsg_lite_pingpong_rtos_linux_remote.elf.dir/home/victor/Documents/SDK_IMX8MINI/middleware/multicore/rpmsg_lite/lib/rpmsg_lite/porting/environment/rpmsg_env_freertos.c.obj
                0x0000000008001eba                env_put_queue
 .text.env_get_queue
                0x0000000008001f10       0x52 CMakeFiles/rpmsg_lite_pingpong_rtos_linux_remote.elf.dir/home/victor/Documents/SDK_IMX8MINI/middleware/multicore/rpmsg_lite/lib/rpmsg_lite/porting/environment/rpmsg_env_freertos.c.obj
                0x0000000008001f10                env_get_queue
 .text.rpmsg_queue_rx_cb
                0x0000000008001f62       0x22 CMakeFiles/rpmsg_lite_pingpong_rtos_linux_remote.elf.dir/home/victor/Documents/SDK_IMX8MINI/middleware/multicore/rpmsg_lite/lib/rpmsg_lite/rpmsg_queue.c.obj
                0x0000000008001f62                rpmsg_queue_rx_cb
 .text.rpmsg_queue_create
                0x0000000008001f84       0x26 CMakeFiles/rpmsg_lite_pingpong_rtos_linux_remote.elf.dir/home/victor/Documents/SDK_IMX8MINI/middleware/multicore/rpmsg_lite/lib/rpmsg_lite/rpmsg_queue.c.obj
                0x0000000008001f84                rpmsg_queue_create
 *fill*         0x0000000008001faa        0x2 
 .text.rpmsg_queue_destroy
                0x0000000008001fac       0x18 CMakeFiles/rpmsg_lite_pingpong_rtos_linux_remote.elf.dir/home/victor/Documents/SDK_IMX8MINI/middleware/multicore/rpmsg_lite/lib/rpmsg_lite/rpmsg_queue.c.obj
                0x0000000008001fac                rpmsg_queue_destroy
 .text.rpmsg_queue_recv
                0x0000000008001fc4       0x74 CMakeFiles/rpmsg_lite_pingpong_rtos_linux_remote.elf.dir/home/victor/Documents/SDK_IMX8MINI/middleware/multicore/rpmsg_lite/lib/rpmsg_lite/rpmsg_queue.c.obj
                0x0000000008001fc4                rpmsg_queue_recv
 .text.vListInitialise
                0x0000000008002038       0x16 CMakeFiles/rpmsg_lite_pingpong_rtos_linux_remote.elf.dir/home/victor/Documents/SDK_IMX8MINI/rtos/freertos/freertos_kernel/list.c.obj
                0x0000000008002038                vListInitialise
 .text.vListInitialiseItem
                0x000000000800204e        0x6 CMakeFiles/rpmsg_lite_pingpong_rtos_linux_remote.elf.dir/home/victor/Documents/SDK_IMX8MINI/rtos/freertos/freertos_kernel/list.c.obj
                0x000000000800204e                vListInitialiseItem
 .text.vListInsertEnd
                0x0000000008002054       0x18 CMakeFiles/rpmsg_lite_pingpong_rtos_linux_remote.elf.dir/home/victor/Documents/SDK_IMX8MINI/rtos/freertos/freertos_kernel/list.c.obj
                0x0000000008002054                vListInsertEnd
 .text.vListInsert
                0x000000000800206c       0x2e CMakeFiles/rpmsg_lite_pingpong_rtos_linux_remote.elf.dir/home/victor/Documents/SDK_IMX8MINI/rtos/freertos/freertos_kernel/list.c.obj
                0x000000000800206c                vListInsert
 .text.uxListRemove
                0x000000000800209a       0x20 CMakeFiles/rpmsg_lite_pingpong_rtos_linux_remote.elf.dir/home/victor/Documents/SDK_IMX8MINI/rtos/freertos/freertos_kernel/list.c.obj
                0x000000000800209a                uxListRemove
 *fill*         0x00000000080020ba        0x2 
 .text.prvPortStartFirstTask
                0x00000000080020bc       0x28 CMakeFiles/rpmsg_lite_pingpong_rtos_linux_remote.elf.dir/home/victor/Documents/SDK_IMX8MINI/rtos/freertos/freertos_kernel/portable/GCC/ARM_CM4F/port.c.obj
 .text.vPortEnableVFP
                0x00000000080020e4       0x14 CMakeFiles/rpmsg_lite_pingpong_rtos_linux_remote.elf.dir/home/victor/Documents/SDK_IMX8MINI/rtos/freertos/freertos_kernel/portable/GCC/ARM_CM4F/port.c.obj
 .text.prvTaskExitError
                0x00000000080020f8       0x40 CMakeFiles/rpmsg_lite_pingpong_rtos_linux_remote.elf.dir/home/victor/Documents/SDK_IMX8MINI/rtos/freertos/freertos_kernel/portable/GCC/ARM_CM4F/port.c.obj
 .text.pxPortInitialiseStack
                0x0000000008002138       0x2c CMakeFiles/rpmsg_lite_pingpong_rtos_linux_remote.elf.dir/home/victor/Documents/SDK_IMX8MINI/rtos/freertos/freertos_kernel/portable/GCC/ARM_CM4F/port.c.obj
                0x0000000008002138                pxPortInitialiseStack
 *fill*         0x0000000008002164        0xc 
 .text.SVC_Handler
                0x0000000008002170       0x24 CMakeFiles/rpmsg_lite_pingpong_rtos_linux_remote.elf.dir/home/victor/Documents/SDK_IMX8MINI/rtos/freertos/freertos_kernel/portable/GCC/ARM_CM4F/port.c.obj
                0x0000000008002170                SVC_Handler
 .text.vPortEnterCritical
                0x0000000008002194       0x40 CMakeFiles/rpmsg_lite_pingpong_rtos_linux_remote.elf.dir/home/victor/Documents/SDK_IMX8MINI/rtos/freertos/freertos_kernel/portable/GCC/ARM_CM4F/port.c.obj
                0x0000000008002194                vPortEnterCritical
 .text.vPortExitCritical
                0x00000000080021d4       0x28 CMakeFiles/rpmsg_lite_pingpong_rtos_linux_remote.elf.dir/home/victor/Documents/SDK_IMX8MINI/rtos/freertos/freertos_kernel/portable/GCC/ARM_CM4F/port.c.obj
                0x00000000080021d4                vPortExitCritical
 *fill*         0x00000000080021fc        0x4 
 .text.PendSV_Handler
                0x0000000008002200       0x64 CMakeFiles/rpmsg_lite_pingpong_rtos_linux_remote.elf.dir/home/victor/Documents/SDK_IMX8MINI/rtos/freertos/freertos_kernel/portable/GCC/ARM_CM4F/port.c.obj
                0x0000000008002200                PendSV_Handler
 .text.SysTick_Handler
                0x0000000008002264       0x2c CMakeFiles/rpmsg_lite_pingpong_rtos_linux_remote.elf.dir/home/victor/Documents/SDK_IMX8MINI/rtos/freertos/freertos_kernel/portable/GCC/ARM_CM4F/port.c.obj
                0x0000000008002264                SysTick_Handler
 .text.vPortSetupTimerInterrupt
                0x0000000008002290       0x24 CMakeFiles/rpmsg_lite_pingpong_rtos_linux_remote.elf.dir/home/victor/Documents/SDK_IMX8MINI/rtos/freertos/freertos_kernel/portable/GCC/ARM_CM4F/port.c.obj
                0x0000000008002290                vPortSetupTimerInterrupt
 .text.xPortStartScheduler
                0x00000000080022b4      0x10c CMakeFiles/rpmsg_lite_pingpong_rtos_linux_remote.elf.dir/home/victor/Documents/SDK_IMX8MINI/rtos/freertos/freertos_kernel/portable/GCC/ARM_CM4F/port.c.obj
                0x00000000080022b4                xPortStartScheduler
 .text.vPortValidateInterruptPriority
                0x00000000080023c0       0x5c CMakeFiles/rpmsg_lite_pingpong_rtos_linux_remote.elf.dir/home/victor/Documents/SDK_IMX8MINI/rtos/freertos/freertos_kernel/portable/GCC/ARM_CM4F/port.c.obj
                0x00000000080023c0                vPortValidateInterruptPriority
 .text.prvIsQueueEmpty
                0x000000000800241c       0x16 CMakeFiles/rpmsg_lite_pingpong_rtos_linux_remote.elf.dir/home/victor/Documents/SDK_IMX8MINI/rtos/freertos/freertos_kernel/queue.c.obj
 .text.prvCopyDataToQueue
                0x0000000008002432       0x6a CMakeFiles/rpmsg_lite_pingpong_rtos_linux_remote.elf.dir/home/victor/Documents/SDK_IMX8MINI/rtos/freertos/freertos_kernel/queue.c.obj
 .text.prvCopyDataFromQueue
                0x000000000800249c       0x2c CMakeFiles/rpmsg_lite_pingpong_rtos_linux_remote.elf.dir/home/victor/Documents/SDK_IMX8MINI/rtos/freertos/freertos_kernel/queue.c.obj
 .text.prvUnlockQueue
                0x00000000080024c8       0x70 CMakeFiles/rpmsg_lite_pingpong_rtos_linux_remote.elf.dir/home/victor/Documents/SDK_IMX8MINI/rtos/freertos/freertos_kernel/queue.c.obj
 .text.xQueueGenericReset
                0x0000000008002538       0x7e CMakeFiles/rpmsg_lite_pingpong_rtos_linux_remote.elf.dir/home/victor/Documents/SDK_IMX8MINI/rtos/freertos/freertos_kernel/queue.c.obj
                0x0000000008002538                xQueueGenericReset
 .text.xQueueGenericCreate
                0x00000000080025b6       0x48 CMakeFiles/rpmsg_lite_pingpong_rtos_linux_remote.elf.dir/home/victor/Documents/SDK_IMX8MINI/rtos/freertos/freertos_kernel/queue.c.obj
                0x00000000080025b6                xQueueGenericCreate
 .text.xQueueCreateCountingSemaphore
                0x00000000080025fe       0x3c CMakeFiles/rpmsg_lite_pingpong_rtos_linux_remote.elf.dir/home/victor/Documents/SDK_IMX8MINI/rtos/freertos/freertos_kernel/queue.c.obj
                0x00000000080025fe                xQueueCreateCountingSemaphore
 .text.xQueueGenericSend
                0x000000000800263a      0x166 CMakeFiles/rpmsg_lite_pingpong_rtos_linux_remote.elf.dir/home/victor/Documents/SDK_IMX8MINI/rtos/freertos/freertos_kernel/queue.c.obj
                0x000000000800263a                xQueueGenericSend
 .text.xQueueGenericSendFromISR
                0x00000000080027a0       0xc4 CMakeFiles/rpmsg_lite_pingpong_rtos_linux_remote.elf.dir/home/victor/Documents/SDK_IMX8MINI/rtos/freertos/freertos_kernel/queue.c.obj
                0x00000000080027a0                xQueueGenericSendFromISR
 .text.xQueueReceive
                0x0000000008002864      0x13e CMakeFiles/rpmsg_lite_pingpong_rtos_linux_remote.elf.dir/home/victor/Documents/SDK_IMX8MINI/rtos/freertos/freertos_kernel/queue.c.obj
                0x0000000008002864                xQueueReceive
 .text.xQueueSemaphoreTake
                0x00000000080029a2      0x186 CMakeFiles/rpmsg_lite_pingpong_rtos_linux_remote.elf.dir/home/victor/Documents/SDK_IMX8MINI/rtos/freertos/freertos_kernel/queue.c.obj
                0x00000000080029a2                xQueueSemaphoreTake
 .text.xQueueReceiveFromISR
                0x0000000008002b28       0x9e CMakeFiles/rpmsg_lite_pingpong_rtos_linux_remote.elf.dir/home/victor/Documents/SDK_IMX8MINI/rtos/freertos/freertos_kernel/queue.c.obj
                0x0000000008002b28                xQueueReceiveFromISR
 *fill*         0x0000000008002bc6        0x2 
 .text.vQueueAddToRegistry
                0x0000000008002bc8       0x24 CMakeFiles/rpmsg_lite_pingpong_rtos_linux_remote.elf.dir/home/victor/Documents/SDK_IMX8MINI/rtos/freertos/freertos_kernel/queue.c.obj
                0x0000000008002bc8                vQueueAddToRegistry
 .text.vQueueUnregisterQueue
                0x0000000008002bec       0x28 CMakeFiles/rpmsg_lite_pingpong_rtos_linux_remote.elf.dir/home/victor/Documents/SDK_IMX8MINI/rtos/freertos/freertos_kernel/queue.c.obj
                0x0000000008002bec                vQueueUnregisterQueue
 .text.vQueueDelete
                0x0000000008002c14       0x26 CMakeFiles/rpmsg_lite_pingpong_rtos_linux_remote.elf.dir/home/victor/Documents/SDK_IMX8MINI/rtos/freertos/freertos_kernel/queue.c.obj
                0x0000000008002c14                vQueueDelete
 .text.vQueueWaitForMessageRestricted
                0x0000000008002c3a       0x46 CMakeFiles/rpmsg_lite_pingpong_rtos_linux_remote.elf.dir/home/victor/Documents/SDK_IMX8MINI/rtos/freertos/freertos_kernel/queue.c.obj
                0x0000000008002c3a                vQueueWaitForMessageRestricted
 .text.prvIdleTask
                0x0000000008002c80       0x24 CMakeFiles/rpmsg_lite_pingpong_rtos_linux_remote.elf.dir/home/victor/Documents/SDK_IMX8MINI/rtos/freertos/freertos_kernel/tasks.c.obj
 .text.prvAddCurrentTaskToDelayedList
                0x0000000008002ca4       0x88 CMakeFiles/rpmsg_lite_pingpong_rtos_linux_remote.elf.dir/home/victor/Documents/SDK_IMX8MINI/rtos/freertos/freertos_kernel/tasks.c.obj
 .text.prvResetNextTaskUnblockTime
                0x0000000008002d2c       0x24 CMakeFiles/rpmsg_lite_pingpong_rtos_linux_remote.elf.dir/home/victor/Documents/SDK_IMX8MINI/rtos/freertos/freertos_kernel/tasks.c.obj
 .text.xTaskCreate
                0x0000000008002d50      0x1b8 CMakeFiles/rpmsg_lite_pingpong_rtos_linux_remote.elf.dir/home/victor/Documents/SDK_IMX8MINI/rtos/freertos/freertos_kernel/tasks.c.obj
                0x0000000008002d50                xTaskCreate
 .text.vTaskStartScheduler
                0x0000000008002f08       0x80 CMakeFiles/rpmsg_lite_pingpong_rtos_linux_remote.elf.dir/home/victor/Documents/SDK_IMX8MINI/rtos/freertos/freertos_kernel/tasks.c.obj
                0x0000000008002f08                vTaskStartScheduler
 .text.vTaskSuspendAll
                0x0000000008002f88       0x10 CMakeFiles/rpmsg_lite_pingpong_rtos_linux_remote.elf.dir/home/victor/Documents/SDK_IMX8MINI/rtos/freertos/freertos_kernel/tasks.c.obj
                0x0000000008002f88                vTaskSuspendAll
 .text.xTaskGetTickCount
                0x0000000008002f98        0xc CMakeFiles/rpmsg_lite_pingpong_rtos_linux_remote.elf.dir/home/victor/Documents/SDK_IMX8MINI/rtos/freertos/freertos_kernel/tasks.c.obj
                0x0000000008002f98                xTaskGetTickCount
 .text.xTaskIncrementTick
                0x0000000008002fa4      0x108 CMakeFiles/rpmsg_lite_pingpong_rtos_linux_remote.elf.dir/home/victor/Documents/SDK_IMX8MINI/rtos/freertos/freertos_kernel/tasks.c.obj
                0x0000000008002fa4                xTaskIncrementTick
 .text.xTaskResumeAll
                0x00000000080030ac       0xf0 CMakeFiles/rpmsg_lite_pingpong_rtos_linux_remote.elf.dir/home/victor/Documents/SDK_IMX8MINI/rtos/freertos/freertos_kernel/tasks.c.obj
                0x00000000080030ac                xTaskResumeAll
 .text.vTaskDelay
                0x000000000800319c       0x48 CMakeFiles/rpmsg_lite_pingpong_rtos_linux_remote.elf.dir/home/victor/Documents/SDK_IMX8MINI/rtos/freertos/freertos_kernel/tasks.c.obj
                0x000000000800319c                vTaskDelay
 .text.vTaskSwitchContext
                0x00000000080031e4       0x74 CMakeFiles/rpmsg_lite_pingpong_rtos_linux_remote.elf.dir/home/victor/Documents/SDK_IMX8MINI/rtos/freertos/freertos_kernel/tasks.c.obj
                0x00000000080031e4                vTaskSwitchContext
 .text.vTaskPlaceOnEventList
                0x0000000008003258       0x34 CMakeFiles/rpmsg_lite_pingpong_rtos_linux_remote.elf.dir/home/victor/Documents/SDK_IMX8MINI/rtos/freertos/freertos_kernel/tasks.c.obj
                0x0000000008003258                vTaskPlaceOnEventList
 .text.vTaskPlaceOnEventListRestricted
                0x000000000800328c       0x3c CMakeFiles/rpmsg_lite_pingpong_rtos_linux_remote.elf.dir/home/victor/Documents/SDK_IMX8MINI/rtos/freertos/freertos_kernel/tasks.c.obj
                0x000000000800328c                vTaskPlaceOnEventListRestricted
 .text.xTaskRemoveFromEventList
                0x00000000080032c8       0x88 CMakeFiles/rpmsg_lite_pingpong_rtos_linux_remote.elf.dir/home/victor/Documents/SDK_IMX8MINI/rtos/freertos/freertos_kernel/tasks.c.obj
                0x00000000080032c8                xTaskRemoveFromEventList
 .text.vTaskInternalSetTimeOutState
                0x0000000008003350       0x18 CMakeFiles/rpmsg_lite_pingpong_rtos_linux_remote.elf.dir/home/victor/Documents/SDK_IMX8MINI/rtos/freertos/freertos_kernel/tasks.c.obj
                0x0000000008003350                vTaskInternalSetTimeOutState
 .text.xTaskCheckForTimeOut
                0x0000000008003368       0x78 CMakeFiles/rpmsg_lite_pingpong_rtos_linux_remote.elf.dir/home/victor/Documents/SDK_IMX8MINI/rtos/freertos/freertos_kernel/tasks.c.obj
                0x0000000008003368                xTaskCheckForTimeOut
 .text.vTaskMissedYield
                0x00000000080033e0        0xc CMakeFiles/rpmsg_lite_pingpong_rtos_linux_remote.elf.dir/home/victor/Documents/SDK_IMX8MINI/rtos/freertos/freertos_kernel/tasks.c.obj
                0x00000000080033e0                vTaskMissedYield
 .text.xTaskGetSchedulerState
                0x00000000080033ec       0x20 CMakeFiles/rpmsg_lite_pingpong_rtos_linux_remote.elf.dir/home/victor/Documents/SDK_IMX8MINI/rtos/freertos/freertos_kernel/tasks.c.obj
                0x00000000080033ec                xTaskGetSchedulerState
 .text.xTaskPriorityInherit
                0x000000000800340c       0x98 CMakeFiles/rpmsg_lite_pingpong_rtos_linux_remote.elf.dir/home/victor/Documents/SDK_IMX8MINI/rtos/freertos/freertos_kernel/tasks.c.obj
                0x000000000800340c                xTaskPriorityInherit
 .text.xTaskPriorityDisinherit
                0x00000000080034a4       0xa4 CMakeFiles/rpmsg_lite_pingpong_rtos_linux_remote.elf.dir/home/victor/Documents/SDK_IMX8MINI/rtos/freertos/freertos_kernel/tasks.c.obj
                0x00000000080034a4                xTaskPriorityDisinherit
 .text.vTaskPriorityDisinheritAfterTimeout
                0x0000000008003548       0xb0 CMakeFiles/rpmsg_lite_pingpong_rtos_linux_remote.elf.dir/home/victor/Documents/SDK_IMX8MINI/rtos/freertos/freertos_kernel/tasks.c.obj
                0x0000000008003548                vTaskPriorityDisinheritAfterTimeout
 .text.pvTaskIncrementMutexHeldCount
                0x00000000080035f8       0x18 CMakeFiles/rpmsg_lite_pingpong_rtos_linux_remote.elf.dir/home/victor/Documents/SDK_IMX8MINI/rtos/freertos/freertos_kernel/tasks.c.obj
                0x00000000080035f8                pvTaskIncrementMutexHeldCount
 .text.prvCheckForValidListAndQueue
                0x0000000008003610       0x58 CMakeFiles/rpmsg_lite_pingpong_rtos_linux_remote.elf.dir/home/victor/Documents/SDK_IMX8MINI/rtos/freertos/freertos_kernel/timers.c.obj
 .text.prvInsertTimerInActiveList
                0x0000000008003668       0x3c CMakeFiles/rpmsg_lite_pingpong_rtos_linux_remote.elf.dir/home/victor/Documents/SDK_IMX8MINI/rtos/freertos/freertos_kernel/timers.c.obj
 .text.xTimerCreateTimerTask
                0x00000000080036a4       0x4c CMakeFiles/rpmsg_lite_pingpong_rtos_linux_remote.elf.dir/home/victor/Documents/SDK_IMX8MINI/rtos/freertos/freertos_kernel/timers.c.obj
                0x00000000080036a4                xTimerCreateTimerTask
 .text.xTimerGenericCommand
                0x00000000080036f0       0x58 CMakeFiles/rpmsg_lite_pingpong_rtos_linux_remote.elf.dir/home/victor/Documents/SDK_IMX8MINI/rtos/freertos/freertos_kernel/timers.c.obj
                0x00000000080036f0                xTimerGenericCommand
 .text.prvSampleTimeNow
                0x0000000008003748       0xac CMakeFiles/rpmsg_lite_pingpong_rtos_linux_remote.elf.dir/home/victor/Documents/SDK_IMX8MINI/rtos/freertos/freertos_kernel/timers.c.obj
 .text.prvTimerTask
                0x00000000080037f4      0x1cc CMakeFiles/rpmsg_lite_pingpong_rtos_linux_remote.elf.dir/home/victor/Documents/SDK_IMX8MINI/rtos/freertos/freertos_kernel/timers.c.obj
 .text.prvInsertBlockIntoFreeList
                0x00000000080039c0       0x48 CMakeFiles/rpmsg_lite_pingpong_rtos_linux_remote.elf.dir/home/victor/Documents/SDK_IMX8MINI/rtos/freertos/freertos_kernel/portable/MemMang/heap_4.c.obj
 .text.pvPortMalloc
                0x0000000008003a08      0x124 CMakeFiles/rpmsg_lite_pingpong_rtos_linux_remote.elf.dir/home/victor/Documents/SDK_IMX8MINI/rtos/freertos/freertos_kernel/portable/MemMang/heap_4.c.obj
                0x0000000008003a08                pvPortMalloc
 .text.vPortFree
                0x0000000008003b2c       0x7c CMakeFiles/rpmsg_lite_pingpong_rtos_linux_remote.elf.dir/home/victor/Documents/SDK_IMX8MINI/rtos/freertos/freertos_kernel/portable/MemMang/heap_4.c.obj
                0x0000000008003b2c                vPortFree
 .text.CLOCK_GetPllRefClkFreq
                0x0000000008003ba8       0x20 CMakeFiles/rpmsg_lite_pingpong_rtos_linux_remote.elf.dir/home/victor/Documents/SDK_IMX8MINI/devices/MIMX8MM6/drivers/fsl_clock.c.obj
                0x0000000008003ba8                CLOCK_GetPllRefClkFreq
 .text.CLOCK_InitFracPll
                0x0000000008003bc8       0xc4 CMakeFiles/rpmsg_lite_pingpong_rtos_linux_remote.elf.dir/home/victor/Documents/SDK_IMX8MINI/devices/MIMX8MM6/drivers/fsl_clock.c.obj
                0x0000000008003bc8                CLOCK_InitFracPll
 .text.CLOCK_InitAudioPll1
                0x0000000008003c8c       0x48 CMakeFiles/rpmsg_lite_pingpong_rtos_linux_remote.elf.dir/home/victor/Documents/SDK_IMX8MINI/devices/MIMX8MM6/drivers/fsl_clock.c.obj
                0x0000000008003c8c                CLOCK_InitAudioPll1
 .text.CLOCK_InitAudioPll2
                0x0000000008003cd4       0x4c CMakeFiles/rpmsg_lite_pingpong_rtos_linux_remote.elf.dir/home/victor/Documents/SDK_IMX8MINI/devices/MIMX8MM6/drivers/fsl_clock.c.obj
                0x0000000008003cd4                CLOCK_InitAudioPll2
 .text.CLOCK_GetFracPllFreq
                0x0000000008003d20       0x64 CMakeFiles/rpmsg_lite_pingpong_rtos_linux_remote.elf.dir/home/victor/Documents/SDK_IMX8MINI/devices/MIMX8MM6/drivers/fsl_clock.c.obj
                0x0000000008003d20                CLOCK_GetFracPllFreq
 .text.CLOCK_GetIntegerPllFreq
                0x0000000008003d84       0x5c CMakeFiles/rpmsg_lite_pingpong_rtos_linux_remote.elf.dir/home/victor/Documents/SDK_IMX8MINI/devices/MIMX8MM6/drivers/fsl_clock.c.obj
                0x0000000008003d84                CLOCK_GetIntegerPllFreq
 .text.CLOCK_GetPllFreq
                0x0000000008003de0       0xe0 CMakeFiles/rpmsg_lite_pingpong_rtos_linux_remote.elf.dir/home/victor/Documents/SDK_IMX8MINI/devices/MIMX8MM6/drivers/fsl_clock.c.obj
                0x0000000008003de0                CLOCK_GetPllFreq
 .text.CLOCK_SetRootDivider
                0x0000000008003ec0       0x4c CMakeFiles/rpmsg_lite_pingpong_rtos_linux_remote.elf.dir/home/victor/Documents/SDK_IMX8MINI/devices/MIMX8MM6/drivers/fsl_clock.c.obj
                0x0000000008003ec0                CLOCK_SetRootDivider
 .text.CLOCK_EnableClock
                0x0000000008003f0c       0x26 CMakeFiles/rpmsg_lite_pingpong_rtos_linux_remote.elf.dir/home/victor/Documents/SDK_IMX8MINI/devices/MIMX8MM6/drivers/fsl_clock.c.obj
                0x0000000008003f0c                CLOCK_EnableClock
 *fill*         0x0000000008003f32        0x2 
 .text.SDK_DelayAtLeastUs
                0x0000000008003f34       0x58 CMakeFiles/rpmsg_lite_pingpong_rtos_linux_remote.elf.dir/home/victor/Documents/SDK_IMX8MINI/devices/MIMX8MM6/drivers/fsl_common.c.obj
                0x0000000008003f34                SDK_DelayAtLeastUs
 .text.MU_GetInstance.isra.0
                0x0000000008003f8c       0x28 CMakeFiles/rpmsg_lite_pingpong_rtos_linux_remote.elf.dir/home/victor/Documents/SDK_IMX8MINI/devices/MIMX8MM6/drivers/fsl_mu.c.obj
 .text.MU_Init  0x0000000008003fb4       0x12 CMakeFiles/rpmsg_lite_pingpong_rtos_linux_remote.elf.dir/home/victor/Documents/SDK_IMX8MINI/devices/MIMX8MM6/drivers/fsl_mu.c.obj
                0x0000000008003fb4                MU_Init
 *fill*         0x0000000008003fc6        0x2 
 .text.MU_SendMsg
                0x0000000008003fc8       0x30 CMakeFiles/rpmsg_lite_pingpong_rtos_linux_remote.elf.dir/home/victor/Documents/SDK_IMX8MINI/devices/MIMX8MM6/drivers/fsl_mu.c.obj
                0x0000000008003fc8                MU_SendMsg
 .text.RDC_SetMasterDomainAssignment
                0x0000000008003ff8       0x28 CMakeFiles/rpmsg_lite_pingpong_rtos_linux_remote.elf.dir/home/victor/Documents/SDK_IMX8MINI/devices/MIMX8MM6/drivers/fsl_rdc.c.obj
                0x0000000008003ff8                RDC_SetMasterDomainAssignment
 .text.StrFormatPrintf
                0x0000000008004020      0x238 CMakeFiles/rpmsg_lite_pingpong_rtos_linux_remote.elf.dir/home/victor/Documents/SDK_IMX8MINI/devices/MIMX8MM6/utilities/str/fsl_str.c.obj
                0x0000000008004020                StrFormatPrintf
 .text.DbgConsole_SendDataReliable
                0x0000000008004258       0x34 CMakeFiles/rpmsg_lite_pingpong_rtos_linux_remote.elf.dir/home/victor/Documents/SDK_IMX8MINI/devices/MIMX8MM6/utilities/debug_console/fsl_debug_console.c.obj
                0x0000000008004258                DbgConsole_SendDataReliable
 .text.DbgConsole_PrintCallback
                0x000000000800428c       0x3a CMakeFiles/rpmsg_lite_pingpong_rtos_linux_remote.elf.dir/home/victor/Documents/SDK_IMX8MINI/devices/MIMX8MM6/utilities/debug_console/fsl_debug_console.c.obj
 *fill*         0x00000000080042c6        0x2 
 .text.DbgConsole_Init
                0x00000000080042c8       0x88 CMakeFiles/rpmsg_lite_pingpong_rtos_linux_remote.elf.dir/home/victor/Documents/SDK_IMX8MINI/devices/MIMX8MM6/utilities/debug_console/fsl_debug_console.c.obj
                0x00000000080042c8                DbgConsole_Init
 .text.DbgConsole_Printf
                0x0000000008004350       0x40 CMakeFiles/rpmsg_lite_pingpong_rtos_linux_remote.elf.dir/home/victor/Documents/SDK_IMX8MINI/devices/MIMX8MM6/utilities/debug_console/fsl_debug_console.c.obj
                0x0000000008004350                DbgConsole_Printf
 .text.SerialManager_Init
                0x0000000008004390       0x32 CMakeFiles/rpmsg_lite_pingpong_rtos_linux_remote.elf.dir/home/victor/Documents/SDK_IMX8MINI/components/serial_manager/fsl_component_serial_manager.c.obj
                0x0000000008004390                SerialManager_Init
 .text.SerialManager_OpenWriteHandle
                0x00000000080043c2       0x2e CMakeFiles/rpmsg_lite_pingpong_rtos_linux_remote.elf.dir/home/victor/Documents/SDK_IMX8MINI/components/serial_manager/fsl_component_serial_manager.c.obj
                0x00000000080043c2                SerialManager_OpenWriteHandle
 .text.SerialManager_OpenReadHandle
                0x00000000080043f0       0x34 CMakeFiles/rpmsg_lite_pingpong_rtos_linux_remote.elf.dir/home/victor/Documents/SDK_IMX8MINI/components/serial_manager/fsl_component_serial_manager.c.obj
                0x00000000080043f0                SerialManager_OpenReadHandle
 .text.SerialManager_WriteBlocking
                0x0000000008004424       0x2e CMakeFiles/rpmsg_lite_pingpong_rtos_linux_remote.elf.dir/home/victor/Documents/SDK_IMX8MINI/components/serial_manager/fsl_component_serial_manager.c.obj
                0x0000000008004424                SerialManager_WriteBlocking
 .text.Serial_UartInit
                0x0000000008004452       0x14 CMakeFiles/rpmsg_lite_pingpong_rtos_linux_remote.elf.dir/home/victor/Documents/SDK_IMX8MINI/components/serial_manager/fsl_component_serial_port_uart.c.obj
                0x0000000008004452                Serial_UartInit
 .text.Serial_UartWrite
                0x0000000008004466       0x16 CMakeFiles/rpmsg_lite_pingpong_rtos_linux_remote.elf.dir/home/victor/Documents/SDK_IMX8MINI/components/serial_manager/fsl_component_serial_port_uart.c.obj
                0x0000000008004466                Serial_UartWrite
 .text.UART_GetInstance
                0x000000000800447c       0x50 CMakeFiles/rpmsg_lite_pingpong_rtos_linux_remote.elf.dir/home/victor/Documents/SDK_IMX8MINI/devices/MIMX8MM6/drivers/fsl_uart.c.obj
                0x000000000800447c                UART_GetInstance
 .text.UART_GetDefaultConfig
                0x00000000080044cc       0x44 CMakeFiles/rpmsg_lite_pingpong_rtos_linux_remote.elf.dir/home/victor/Documents/SDK_IMX8MINI/devices/MIMX8MM6/drivers/fsl_uart.c.obj
                0x00000000080044cc                UART_GetDefaultConfig
 .text.UART_SetBaudRate
                0x0000000008004510      0x13c CMakeFiles/rpmsg_lite_pingpong_rtos_linux_remote.elf.dir/home/victor/Documents/SDK_IMX8MINI/devices/MIMX8MM6/drivers/fsl_uart.c.obj
                0x0000000008004510                UART_SetBaudRate
 .text.UART_Init
                0x000000000800464c      0x1ac CMakeFiles/rpmsg_lite_pingpong_rtos_linux_remote.elf.dir/home/victor/Documents/SDK_IMX8MINI/devices/MIMX8MM6/drivers/fsl_uart.c.obj
                0x000000000800464c                UART_Init
 .text.UART_WriteBlocking
                0x00000000080047f8       0x40 CMakeFiles/rpmsg_lite_pingpong_rtos_linux_remote.elf.dir/home/victor/Documents/SDK_IMX8MINI/devices/MIMX8MM6/drivers/fsl_uart.c.obj
                0x00000000080047f8                UART_WriteBlocking
 .text.UART1_DriverIRQHandler
                0x0000000008004838       0x20 CMakeFiles/rpmsg_lite_pingpong_rtos_linux_remote.elf.dir/home/victor/Documents/SDK_IMX8MINI/devices/MIMX8MM6/drivers/fsl_uart.c.obj
                0x0000000008004838                UART1_DriverIRQHandler
 .text.UART2_DriverIRQHandler
                0x0000000008004858       0x20 CMakeFiles/rpmsg_lite_pingpong_rtos_linux_remote.elf.dir/home/victor/Documents/SDK_IMX8MINI/devices/MIMX8MM6/drivers/fsl_uart.c.obj
                0x0000000008004858                UART2_DriverIRQHandler
 .text.UART3_DriverIRQHandler
                0x0000000008004878       0x20 CMakeFiles/rpmsg_lite_pingpong_rtos_linux_remote.elf.dir/home/victor/Documents/SDK_IMX8MINI/devices/MIMX8MM6/drivers/fsl_uart.c.obj
                0x0000000008004878                UART3_DriverIRQHandler
 .text.UART4_DriverIRQHandler
                0x0000000008004898       0x20 CMakeFiles/rpmsg_lite_pingpong_rtos_linux_remote.elf.dir/home/victor/Documents/SDK_IMX8MINI/devices/MIMX8MM6/drivers/fsl_uart.c.obj
                0x0000000008004898                UART4_DriverIRQHandler
 .text.HAL_UartInit
                0x00000000080048b8       0xb8 CMakeFiles/rpmsg_lite_pingpong_rtos_linux_remote.elf.dir/home/victor/Documents/SDK_IMX8MINI/components/uart/fsl_adapter_iuart.c.obj
                0x00000000080048b8                HAL_UartInit
 .text.HAL_UartSendBlocking
                0x0000000008004970       0x54 CMakeFiles/rpmsg_lite_pingpong_rtos_linux_remote.elf.dir/home/victor/Documents/SDK_IMX8MINI/components/uart/fsl_adapter_iuart.c.obj
                0x0000000008004970                HAL_UartSendBlocking
 .text.GetFracPllFreq
                0x00000000080049c4       0x44 CMakeFiles/rpmsg_lite_pingpong_rtos_linux_remote.elf.dir/home/victor/Documents/SDK_IMX8MINI/devices/MIMX8MM6/system_MIMX8MM6_cm4.c.obj
                0x00000000080049c4                GetFracPllFreq
 .text.GetIntegerPllFreq
                0x0000000008004a08       0x44 CMakeFiles/rpmsg_lite_pingpong_rtos_linux_remote.elf.dir/home/victor/Documents/SDK_IMX8MINI/devices/MIMX8MM6/system_MIMX8MM6_cm4.c.obj
                0x0000000008004a08                GetIntegerPllFreq
 .text.SystemCoreClockUpdate
                0x0000000008004a4c       0x9c CMakeFiles/rpmsg_lite_pingpong_rtos_linux_remote.elf.dir/home/victor/Documents/SDK_IMX8MINI/devices/MIMX8MM6/system_MIMX8MM6_cm4.c.obj
                0x0000000008004a4c                SystemCoreClockUpdate
 .text.SystemInitHook
                0x0000000008004ae8        0x2 CMakeFiles/rpmsg_lite_pingpong_rtos_linux_remote.elf.dir/home/victor/Documents/SDK_IMX8MINI/devices/MIMX8MM6/system_MIMX8MM6_cm4.c.obj
                0x0000000008004ae8                SystemInitHook
 *fill*         0x0000000008004aea        0x2 
 .text.SystemInit
                0x0000000008004aec       0x74 CMakeFiles/rpmsg_lite_pingpong_rtos_linux_remote.elf.dir/home/victor/Documents/SDK_IMX8MINI/devices/MIMX8MM6/system_MIMX8MM6_cm4.c.obj
                0x0000000008004aec                SystemInit
 .text.__assert_func
                0x0000000008004b60       0x1c CMakeFiles/rpmsg_lite_pingpong_rtos_linux_remote.elf.dir/home/victor/Documents/SDK_IMX8MINI/devices/MIMX8MM6/utilities/fsl_assert.c.obj
                0x0000000008004b60                __assert_func
 .text.exit     0x0000000008004b7c       0x28 /home/victor/Documents/gcc-arm-none-eabi-10-2020-q4-major/bin/../lib/gcc/arm-none-eabi/10.2.1/../../../../arm-none-eabi/lib/thumb/v7e-m+fp/hard/libc_nano.a(lib_a-exit.o)
                0x0000000008004b7c                exit
 .text.__libc_init_array
                0x0000000008004ba4       0x48 /home/victor/Documents/gcc-arm-none-eabi-10-2020-q4-major/bin/../lib/gcc/arm-none-eabi/10.2.1/../../../../arm-none-eabi/lib/thumb/v7e-m+fp/hard/libc_nano.a(lib_a-init.o)
                0x0000000008004ba4                __libc_init_array
 .text.memcpy   0x0000000008004bec       0x1c /home/victor/Documents/gcc-arm-none-eabi-10-2020-q4-major/bin/../lib/gcc/arm-none-eabi/10.2.1/../../../../arm-none-eabi/lib/thumb/v7e-m+fp/hard/libc_nano.a(lib_a-memcpy-stub.o)
                0x0000000008004bec                memcpy
 .text.memset   0x0000000008004c08       0x10 /home/victor/Documents/gcc-arm-none-eabi-10-2020-q4-major/bin/../lib/gcc/arm-none-eabi/10.2.1/../../../../arm-none-eabi/lib/thumb/v7e-m+fp/hard/libc_nano.a(lib_a-memset.o)
                0x0000000008004c08                memset
 .text.strncpy  0x0000000008004c18       0x26 /home/victor/Documents/gcc-arm-none-eabi-10-2020-q4-major/bin/../lib/gcc/arm-none-eabi/10.2.1/../../../../arm-none-eabi/lib/thumb/v7e-m+fp/hard/libc_nano.a(lib_a-strncpy.o)
                0x0000000008004c18                strncpy
 *fill*         0x0000000008004c3e        0x2 
 .text._exit    0x0000000008004c40        0x4 /home/victor/Documents/gcc-arm-none-eabi-10-2020-q4-major/bin/../lib/gcc/arm-none-eabi/10.2.1/../../../../arm-none-eabi/lib/thumb/v7e-m+fp/hard/libnosys.a(_exit.o)
                0x0000000008004c40                _exit
 *(.rodata)
 *(.rodata*)
 .rodata.app_task.str1.1
                0x0000000008004c44       0xf5 CMakeFiles/rpmsg_lite_pingpong_rtos_linux_remote.elf.dir/home/victor/Documents/SDK_IMX8MINI/boards/evkmimx8mm/multicore_examples/rpmsg_lite_pingpong_rtos/linux_remote/main_remote.c.obj
 .rodata.main.str1.1
                0x0000000008004d39       0x54 CMakeFiles/rpmsg_lite_pingpong_rtos_linux_remote.elf.dir/home/victor/Documents/SDK_IMX8MINI/boards/evkmimx8mm/multicore_examples/rpmsg_lite_pingpong_rtos/linux_remote/main_remote.c.obj
 .rodata.BOARD_InitMemory.str1.1
                0x0000000008004d8d       0xc7 CMakeFiles/rpmsg_lite_pingpong_rtos_linux_remote.elf.dir/home/victor/Documents/SDK_IMX8MINI/boards/evkmimx8mm/multicore_examples/rpmsg_lite_pingpong_rtos/linux_remote/board.c.obj
 .rodata.__func__.0
                0x0000000008004e54       0x11 CMakeFiles/rpmsg_lite_pingpong_rtos_linux_remote.elf.dir/home/victor/Documents/SDK_IMX8MINI/boards/evkmimx8mm/multicore_examples/rpmsg_lite_pingpong_rtos/linux_remote/board.c.obj
 *fill*         0x0000000008004e65        0x3 
 .rodata.g_audioPll1Config
                0x0000000008004e68       0x10 CMakeFiles/rpmsg_lite_pingpong_rtos_linux_remote.elf.dir/home/victor/Documents/SDK_IMX8MINI/boards/evkmimx8mm/multicore_examples/rpmsg_lite_pingpong_rtos/linux_remote/clock_config.c.obj
                0x0000000008004e68                g_audioPll1Config
 .rodata.g_audioPll2Config
                0x0000000008004e78       0x10 CMakeFiles/rpmsg_lite_pingpong_rtos_linux_remote.elf.dir/home/victor/Documents/SDK_IMX8MINI/boards/evkmimx8mm/multicore_examples/rpmsg_lite_pingpong_rtos/linux_remote/clock_config.c.obj
                0x0000000008004e78                g_audioPll2Config
 .rodata.rpmsg_lite_master_init.str1.1
                0x0000000008004e88        0xc CMakeFiles/rpmsg_lite_pingpong_rtos_linux_remote.elf.dir/home/victor/Documents/SDK_IMX8MINI/middleware/multicore/rpmsg_lite/lib/rpmsg_lite/rpmsg_lite.c.obj
 .rodata.remote_vq_ops
                0x0000000008004e94       0x10 CMakeFiles/rpmsg_lite_pingpong_rtos_linux_remote.elf.dir/home/victor/Documents/SDK_IMX8MINI/middleware/multicore/rpmsg_lite/lib/rpmsg_lite/rpmsg_lite.c.obj
 .rodata.vTaskStartScheduler.str1.1
                0x0000000008004ea4        0x5 CMakeFiles/rpmsg_lite_pingpong_rtos_linux_remote.elf.dir/home/victor/Documents/SDK_IMX8MINI/rtos/freertos/freertos_kernel/tasks.c.obj
 .rodata.prvCheckForValidListAndQueue.str1.1
                0x0000000008004ea9        0x5 CMakeFiles/rpmsg_lite_pingpong_rtos_linux_remote.elf.dir/home/victor/Documents/SDK_IMX8MINI/rtos/freertos/freertos_kernel/timers.c.obj
 .rodata.xTimerCreateTimerTask.str1.1
                0x0000000008004eae        0x8 CMakeFiles/rpmsg_lite_pingpong_rtos_linux_remote.elf.dir/home/victor/Documents/SDK_IMX8MINI/rtos/freertos/freertos_kernel/timers.c.obj
 .rodata.CLOCK_InitFracPll.str1.1
                0x0000000008004eb6       0xf0 CMakeFiles/rpmsg_lite_pingpong_rtos_linux_remote.elf.dir/home/victor/Documents/SDK_IMX8MINI/devices/MIMX8MM6/drivers/fsl_clock.c.obj
 .rodata.CLOCK_InitIntegerPll.str1.1
                0x0000000008004fa6       0x1e CMakeFiles/rpmsg_lite_pingpong_rtos_linux_remote.elf.dir/home/victor/Documents/SDK_IMX8MINI/devices/MIMX8MM6/drivers/fsl_clock.c.obj
 .rodata.CLOCK_SetRootDivider.str1.1
                0x0000000008004fc4       0x39 CMakeFiles/rpmsg_lite_pingpong_rtos_linux_remote.elf.dir/home/victor/Documents/SDK_IMX8MINI/devices/MIMX8MM6/drivers/fsl_clock.c.obj
 .rodata.__func__.1
                0x0000000008004ffd       0x15 CMakeFiles/rpmsg_lite_pingpong_rtos_linux_remote.elf.dir/home/victor/Documents/SDK_IMX8MINI/devices/MIMX8MM6/drivers/fsl_clock.c.obj
 .rodata.__func__.10
                0x0000000008005012       0x14 CMakeFiles/rpmsg_lite_pingpong_rtos_linux_remote.elf.dir/home/victor/Documents/SDK_IMX8MINI/devices/MIMX8MM6/drivers/fsl_clock.c.obj
 .rodata.__func__.11
                0x0000000008005026       0x14 CMakeFiles/rpmsg_lite_pingpong_rtos_linux_remote.elf.dir/home/victor/Documents/SDK_IMX8MINI/devices/MIMX8MM6/drivers/fsl_clock.c.obj
 .rodata.__func__.2
                0x000000000800503a       0x18 CMakeFiles/rpmsg_lite_pingpong_rtos_linux_remote.elf.dir/home/victor/Documents/SDK_IMX8MINI/devices/MIMX8MM6/drivers/fsl_clock.c.obj
 .rodata.__func__.4
                0x0000000008005052       0x15 CMakeFiles/rpmsg_lite_pingpong_rtos_linux_remote.elf.dir/home/victor/Documents/SDK_IMX8MINI/devices/MIMX8MM6/drivers/fsl_clock.c.obj
 .rodata.__func__.5
                0x0000000008005067       0x12 CMakeFiles/rpmsg_lite_pingpong_rtos_linux_remote.elf.dir/home/victor/Documents/SDK_IMX8MINI/devices/MIMX8MM6/drivers/fsl_clock.c.obj
 .rodata.SDK_DelayAtLeastUs.str1.1
                0x0000000008005079       0x71 CMakeFiles/rpmsg_lite_pingpong_rtos_linux_remote.elf.dir/home/victor/Documents/SDK_IMX8MINI/devices/MIMX8MM6/drivers/fsl_common.c.obj
 .rodata.__func__.0
                0x00000000080050ea       0x13 CMakeFiles/rpmsg_lite_pingpong_rtos_linux_remote.elf.dir/home/victor/Documents/SDK_IMX8MINI/devices/MIMX8MM6/drivers/fsl_common.c.obj
 .rodata.MU_GetInstance.isra.0.str1.1
                0x00000000080050fd       0x7c CMakeFiles/rpmsg_lite_pingpong_rtos_linux_remote.elf.dir/home/victor/Documents/SDK_IMX8MINI/devices/MIMX8MM6/drivers/fsl_mu.c.obj
 .rodata.MU_SendMsg.str1.1
                0x0000000008005179       0x17 CMakeFiles/rpmsg_lite_pingpong_rtos_linux_remote.elf.dir/home/victor/Documents/SDK_IMX8MINI/devices/MIMX8MM6/drivers/fsl_mu.c.obj
 .rodata.__func__.1
                0x0000000008005190        0xb CMakeFiles/rpmsg_lite_pingpong_rtos_linux_remote.elf.dir/home/victor/Documents/SDK_IMX8MINI/devices/MIMX8MM6/drivers/fsl_mu.c.obj
 .rodata.__func__.2
                0x000000000800519b        0xf CMakeFiles/rpmsg_lite_pingpong_rtos_linux_remote.elf.dir/home/victor/Documents/SDK_IMX8MINI/devices/MIMX8MM6/drivers/fsl_mu.c.obj
 .rodata.RDC_GetInstance.str1.1
                0x00000000080051aa       0x69 CMakeFiles/rpmsg_lite_pingpong_rtos_linux_remote.elf.dir/home/victor/Documents/SDK_IMX8MINI/devices/MIMX8MM6/drivers/fsl_rdc.c.obj
 .rodata.RDC_SetMasterDomainAssignment.str1.1
                0x0000000008005213       0x21 CMakeFiles/rpmsg_lite_pingpong_rtos_linux_remote.elf.dir/home/victor/Documents/SDK_IMX8MINI/devices/MIMX8MM6/drivers/fsl_rdc.c.obj
 .rodata.__func__.6
                0x0000000008005234       0x1e CMakeFiles/rpmsg_lite_pingpong_rtos_linux_remote.elf.dir/home/victor/Documents/SDK_IMX8MINI/devices/MIMX8MM6/drivers/fsl_rdc.c.obj
 .rodata.UART_GetInstance.str1.1
                0x0000000008005252       0x62 CMakeFiles/rpmsg_lite_pingpong_rtos_linux_remote.elf.dir/home/victor/Documents/SDK_IMX8MINI/devices/MIMX8MM6/drivers/fsl_uart.c.obj
 .rodata.UART_GetDefaultConfig.str1.1
                0x00000000080052b4        0xf CMakeFiles/rpmsg_lite_pingpong_rtos_linux_remote.elf.dir/home/victor/Documents/SDK_IMX8MINI/devices/MIMX8MM6/drivers/fsl_uart.c.obj
 .rodata.UART_Init.str1.1
                0x00000000080052b4      0x120 CMakeFiles/rpmsg_lite_pingpong_rtos_linux_remote.elf.dir/home/victor/Documents/SDK_IMX8MINI/devices/MIMX8MM6/drivers/fsl_uart.c.obj
 .rodata.UART_TransferHandleIRQ.str1.1
                0x00000000080053d4        0xd CMakeFiles/rpmsg_lite_pingpong_rtos_linux_remote.elf.dir/home/victor/Documents/SDK_IMX8MINI/devices/MIMX8MM6/drivers/fsl_uart.c.obj
 .rodata.CSWTCH.36
                0x00000000080053e1        0x6 CMakeFiles/rpmsg_lite_pingpong_rtos_linux_remote.elf.dir/home/victor/Documents/SDK_IMX8MINI/devices/MIMX8MM6/drivers/fsl_uart.c.obj
 .rodata.__func__.14
                0x00000000080053e7       0x13 CMakeFiles/rpmsg_lite_pingpong_rtos_linux_remote.elf.dir/home/victor/Documents/SDK_IMX8MINI/devices/MIMX8MM6/drivers/fsl_uart.c.obj
 .rodata.__func__.18
                0x00000000080053fa       0x16 CMakeFiles/rpmsg_lite_pingpong_rtos_linux_remote.elf.dir/home/victor/Documents/SDK_IMX8MINI/devices/MIMX8MM6/drivers/fsl_uart.c.obj
 .rodata.__func__.19
                0x0000000008005410       0x17 CMakeFiles/rpmsg_lite_pingpong_rtos_linux_remote.elf.dir/home/victor/Documents/SDK_IMX8MINI/devices/MIMX8MM6/drivers/fsl_uart.c.obj
 .rodata.__func__.20
                0x0000000008005427       0x18 CMakeFiles/rpmsg_lite_pingpong_rtos_linux_remote.elf.dir/home/victor/Documents/SDK_IMX8MINI/devices/MIMX8MM6/drivers/fsl_uart.c.obj
 .rodata.__func__.21
                0x000000000800543f       0x18 CMakeFiles/rpmsg_lite_pingpong_rtos_linux_remote.elf.dir/home/victor/Documents/SDK_IMX8MINI/devices/MIMX8MM6/drivers/fsl_uart.c.obj
 .rodata.__func__.22
                0x0000000008005457        0xa CMakeFiles/rpmsg_lite_pingpong_rtos_linux_remote.elf.dir/home/victor/Documents/SDK_IMX8MINI/devices/MIMX8MM6/drivers/fsl_uart.c.obj
 .rodata.__func__.24
                0x0000000008005461       0x11 CMakeFiles/rpmsg_lite_pingpong_rtos_linux_remote.elf.dir/home/victor/Documents/SDK_IMX8MINI/devices/MIMX8MM6/drivers/fsl_uart.c.obj
 *fill*         0x0000000008005472        0x2 
 .rodata.s_uartClock
                0x0000000008005474       0x14 CMakeFiles/rpmsg_lite_pingpong_rtos_linux_remote.elf.dir/home/victor/Documents/SDK_IMX8MINI/devices/MIMX8MM6/drivers/fsl_uart.c.obj
 .rodata.HAL_UartInit.str1.1
                0x0000000008005488       0xbf CMakeFiles/rpmsg_lite_pingpong_rtos_linux_remote.elf.dir/home/victor/Documents/SDK_IMX8MINI/components/uart/fsl_adapter_iuart.c.obj
 .rodata.HAL_UartReceiveBlocking.str1.1
                0x0000000008005547        0xc CMakeFiles/rpmsg_lite_pingpong_rtos_linux_remote.elf.dir/home/victor/Documents/SDK_IMX8MINI/components/uart/fsl_adapter_iuart.c.obj
 .rodata.__func__.2
                0x0000000008005553       0x15 CMakeFiles/rpmsg_lite_pingpong_rtos_linux_remote.elf.dir/home/victor/Documents/SDK_IMX8MINI/components/uart/fsl_adapter_iuart.c.obj
 .rodata.__func__.5
                0x0000000008005568        0xd CMakeFiles/rpmsg_lite_pingpong_rtos_linux_remote.elf.dir/home/victor/Documents/SDK_IMX8MINI/components/uart/fsl_adapter_iuart.c.obj
 *fill*         0x0000000008005575        0x3 
 .rodata.s_UartAdapterBase
                0x0000000008005578       0x14 CMakeFiles/rpmsg_lite_pingpong_rtos_linux_remote.elf.dir/home/victor/Documents/SDK_IMX8MINI/components/uart/fsl_adapter_iuart.c.obj
 .rodata.__assert_func.str1.1
                0x000000000800558c       0x3e CMakeFiles/rpmsg_lite_pingpong_rtos_linux_remote.elf.dir/home/victor/Documents/SDK_IMX8MINI/devices/MIMX8MM6/utilities/fsl_assert.c.obj
 *fill*         0x00000000080055ca        0x2 
 .rodata._global_impure_ptr
                0x00000000080055cc        0x4 /home/victor/Documents/gcc-arm-none-eabi-10-2020-q4-major/bin/../lib/gcc/arm-none-eabi/10.2.1/../../../../arm-none-eabi/lib/thumb/v7e-m+fp/hard/libc_nano.a(lib_a-impure.o)
                0x00000000080055cc                _global_impure_ptr
 .rodata.__sf_fake_stderr
                0x00000000080055d0       0x20 /home/victor/Documents/gcc-arm-none-eabi-10-2020-q4-major/bin/../lib/gcc/arm-none-eabi/10.2.1/../../../../arm-none-eabi/lib/thumb/v7e-m+fp/hard/libc_nano.a(lib_a-findfp.o)
                0x00000000080055d0                __sf_fake_stderr
 .rodata.__sf_fake_stdin
                0x00000000080055f0       0x20 /home/victor/Documents/gcc-arm-none-eabi-10-2020-q4-major/bin/../lib/gcc/arm-none-eabi/10.2.1/../../../../arm-none-eabi/lib/thumb/v7e-m+fp/hard/libc_nano.a(lib_a-findfp.o)
                0x00000000080055f0                __sf_fake_stdin
 .rodata.__sf_fake_stdout
                0x0000000008005610       0x20 /home/victor/Documents/gcc-arm-none-eabi-10-2020-q4-major/bin/../lib/gcc/arm-none-eabi/10.2.1/../../../../arm-none-eabi/lib/thumb/v7e-m+fp/hard/libc_nano.a(lib_a-findfp.o)
                0x0000000008005610                __sf_fake_stdout
 *(.glue_7)
 .glue_7        0x0000000008005630        0x0 linker stubs
 *(.glue_7t)
 .glue_7t       0x0000000008005630        0x0 linker stubs
 *(.eh_frame)
 .eh_frame      0x0000000008005630        0x0 /home/victor/Documents/gcc-arm-none-eabi-10-2020-q4-major/bin/../lib/gcc/arm-none-eabi/10.2.1/thumb/v7e-m+fp/hard/crtbegin.o
 *(.init)
 .init          0x0000000008005630        0x4 /home/victor/Documents/gcc-arm-none-eabi-10-2020-q4-major/bin/../lib/gcc/arm-none-eabi/10.2.1/thumb/v7e-m+fp/hard/crti.o
                0x0000000008005630                _init
 .init          0x0000000008005634        0x8 /home/victor/Documents/gcc-arm-none-eabi-10-2020-q4-major/bin/../lib/gcc/arm-none-eabi/10.2.1/thumb/v7e-m+fp/hard/crtn.o
 *(.fini)
 .fini          0x000000000800563c        0x4 /home/victor/Documents/gcc-arm-none-eabi-10-2020-q4-major/bin/../lib/gcc/arm-none-eabi/10.2.1/thumb/v7e-m+fp/hard/crti.o
                0x000000000800563c                _fini
 .fini          0x0000000008005640        0x8 /home/victor/Documents/gcc-arm-none-eabi-10-2020-q4-major/bin/../lib/gcc/arm-none-eabi/10.2.1/thumb/v7e-m+fp/hard/crtn.o
                0x0000000008005648                . = ALIGN (0x4)

.vfp11_veneer   0x0000000008005648        0x0
 .vfp11_veneer  0x0000000008005648        0x0 linker stubs

.v4_bx          0x0000000008005648        0x0
 .v4_bx         0x0000000008005648        0x0 linker stubs

.iplt           0x0000000008005648        0x0
 .iplt          0x0000000008005648        0x0 /home/victor/Documents/gcc-arm-none-eabi-10-2020-q4-major/bin/../lib/gcc/arm-none-eabi/10.2.1/thumb/v7e-m+fp/hard/crtbegin.o

.ARM.extab
 *(.ARM.extab* .gnu.linkonce.armextab.*)

.ARM            0x0000000008005648        0x8
                0x0000000008005648                __exidx_start = .
 *(.ARM.exidx*)
 .ARM.exidx     0x0000000008005648        0x8 /home/victor/Documents/gcc-arm-none-eabi-10-2020-q4-major/bin/../lib/gcc/arm-none-eabi/10.2.1/../../../../arm-none-eabi/lib/thumb/v7e-m+fp/hard/crt0.o
                                         0x10 (size before relaxing)
 .ARM.exidx     0x0000000008005650        0x0 /home/victor/Documents/gcc-arm-none-eabi-10-2020-q4-major/bin/../lib/gcc/arm-none-eabi/10.2.1/thumb/v7e-m+fp/hard/libgcc.a(_udivmoddi4.o)
                                          0x8 (size before relaxing)
                0x0000000008005650                __exidx_end = .

.rel.dyn        0x0000000008005650        0x0
 .rel.iplt      0x0000000008005650        0x0 /home/victor/Documents/gcc-arm-none-eabi-10-2020-q4-major/bin/../lib/gcc/arm-none-eabi/10.2.1/thumb/v7e-m+fp/hard/crtbegin.o

.ctors          0x0000000008005650        0x0
                0x0000000008005650                __CTOR_LIST__ = .
 *crtbegin.o(.ctors)
 *crtbegin?.o(.ctors)
 *(EXCLUDE_FILE(*crtend.o *crtend?.o) .ctors)
 *(SORT_BY_NAME(.ctors.*))
 *(.ctors)
                0x0000000008005650                __CTOR_END__ = .

.dtors          0x0000000008005650        0x0
                0x0000000008005650                __DTOR_LIST__ = .
 *crtbegin.o(.dtors)
 *crtbegin?.o(.dtors)
 *(EXCLUDE_FILE(*crtend.o *crtend?.o) .dtors)
 *(SORT_BY_NAME(.dtors.*))
 *(.dtors)
                0x0000000008005650                __DTOR_END__ = .

.preinit_array  0x0000000008005650        0x0
                0x0000000008005650                PROVIDE (__preinit_array_start = .)
 *(.preinit_array*)
                0x0000000008005650                PROVIDE (__preinit_array_end = .)

.init_array     0x0000000008005650        0x4
                0x0000000008005650                PROVIDE (__init_array_start = .)
 *(SORT_BY_NAME(.init_array.*))
 *(.init_array*)
 .init_array    0x0000000008005650        0x4 /home/victor/Documents/gcc-arm-none-eabi-10-2020-q4-major/bin/../lib/gcc/arm-none-eabi/10.2.1/thumb/v7e-m+fp/hard/crtbegin.o
                0x0000000008005654                PROVIDE (__init_array_end = .)

.fini_array     0x0000000008005654        0x4
                [!provide]                        PROVIDE (__fini_array_start = .)
 *(SORT_BY_NAME(.fini_array.*))
 *(.fini_array*)
 .fini_array    0x0000000008005654        0x4 /home/victor/Documents/gcc-arm-none-eabi-10-2020-q4-major/bin/../lib/gcc/arm-none-eabi/10.2.1/thumb/v7e-m+fp/hard/crtbegin.o
                [!provide]                        PROVIDE (__fini_array_end = .)
                0x0000000008005658                __etext = .
                0x0000000008005658                __DATA_ROM = .

.data           0x0000000020000000       0x68 load address 0x0000000008005658
                0x0000000020000000                . = ALIGN (0x4)
                0x0000000020000000                __DATA_RAM = .
                0x0000000020000000                __data_start__ = .
 *(.data)
 *(.data*)
 .data.uxCriticalNesting
                0x0000000020000000        0x4 CMakeFiles/rpmsg_lite_pingpong_rtos_linux_remote.elf.dir/home/victor/Documents/SDK_IMX8MINI/rtos/freertos/freertos_kernel/portable/GCC/ARM_CM4F/port.c.obj
 .data.SystemCoreClock
                0x0000000020000004        0x4 CMakeFiles/rpmsg_lite_pingpong_rtos_linux_remote.elf.dir/home/victor/Documents/SDK_IMX8MINI/devices/MIMX8MM6/system_MIMX8MM6_cm4.c.obj
                0x0000000020000004                SystemCoreClock
 .data.impure_data